// Jest Snapshot v1, https://goo.gl/fbAQLP

exports[`should render TextAreaField correctly 1`] = `
<div
  className="pl-2"
>
  <label
    className="fdk-form-label w-100"
    htmlFor="textarea"
  >
    label
    <textarea
      className="form-control"
      name="textarea"
      rows="5"
      type="textarea"
      value="Datakatalog for RAMSUND OG ROGNAN REVISJON"
    />
  </label>
</div>
`;
