// Jest Snapshot v1, https://goo.gl/fbAQLP

exports[`should render AppImportModal correctly 1`] = `
<div>
  <Modal
    autoFocus={true}
    backdrop={true}
    backdropTransition={
      Object {
        "mountOnEnter": true,
        "timeout": 150,
      }
    }
    centered={false}
    className={null}
    fade={true}
    isOpen={true}
    keyboard={true}
    modalTransition={
      Object {
        "timeout": 300,
      }
    }
    onClosed={[Function]}
    onOpened={[Function]}
    role="dialog"
    toggle={[Function]}
    zIndex={1050}
  >
    <ModalHeader
      closeAriaLabel="Close"
      tag="h5"
      toggle={[MockFunction]}
      wrapTag="div"
    >
      Tittel
    </ModalHeader>
    <ModalBody
      tag="div"
    >
      body
      <div
        className="d-flex flex-column align-items-center mt-5"
      >
        <label
          className="fdk-form-label w-100"
          htmlFor="importURL"
        >
          http://www.google.no
          <input
            className="form-control"
            id="importURL"
            onChange={[Function]}
            type="input"
          />
        </label>
      </div>
    </ModalBody>
    <ModalFooter
      className="d-flex justify-content-center"
      tag="div"
    >
      <Button
        color="danger"
        onClick={[Function]}
        tag="button"
      >
        btnConfirm
      </Button>
      <Button
        color="primary"
        onClick={[Function]}
        tag="button"
      >
        btnCancel
      </Button>
    </ModalFooter>
    <ModalFooter
      tag="div"
    />
  </Modal>
</div>
`;
