// Jest Snapshot v1, https://goo.gl/fbAQLP

exports[`should render ConceptDetailsPage correctly with conceptItem 1`] = `
<main
  className="container"
  id="content"
>
  <article>
    <div
      className="row"
    >
      <div
        className="col-12 col-lg-8  offset-lg-4"
      >
        <SideEffect(DocumentMeta)
          description="engelsk definition14"
          title="engelsk preflabel14"
        />
        <div
          className="d-flex align-items-center fdk-detail-date mb-5"
        >
          <i
            className="align-self-center fdk-icon-catalog-concept mr-2"
          />
          <strong
            className="align-self-center"
          >
            Concept description
             
          </strong>
          <HarvestDate
            className="align-self-center"
            harvest={
              Object {
                "firstHarvested": "2018-11-12T08:13:43.584+0000",
                "lastHarvested": "2018-11-12T08:13:43.584+0000",
              }
            }
          />
        </div>
      </div>
    </div>
    <div
      className="row"
    >
      <div
        className="col-12 col-lg-4 "
      >
        <StickyMenu
          menuItems={
            Array [
              Object {
                "name": "engelsk preflabel14",
                "prefLabel": "Definition",
              },
              Object {
                "name": "Identifier",
                "prefLabel": "Identifier",
              },
              Object {
                "name": "Contact information",
                "prefLabel": "Contact information",
              },
            ]
          }
          title="Go to"
        />
      </div>
      <section
        className="col-12 col-lg-8 mt-3"
      >
        <div
          name="engelsk preflabel14"
        >
          <SearchHitHeader
            darkThemeBackground={true}
            externalLink={false}
            nationalComponent={false}
            publisher={
              Object {
                "orgPath": "/ba/be/bi/14",
                "prefLabel": Object {
                  "en": "engelsk pub preflabel14",
                  "no": "norsk pub preflabel14",
                },
              }
            }
            publisherItems={null}
            publisherLabel="Responsible:"
            publisherTag="span"
            referenceData={null}
            statusCode={null}
            tag="h1"
            theme={Array []}
            title="engelsk preflabel14"
            titleLink={null}
          />
          <withStateHandlers(ShowMorePure)
            showMoreButtonText="Show the full description"
          >
            engelsk definition14
          </withStateHandlers(ShowMorePure)>
        </div>
        <ListRegular
          bottomMargin={true}
          title="Identifier"
        >
          <div
            className="d-flex list-regular--item"
          >
            <a
              href="/api/concepts/14"
            >
              http://localhost/api/concepts/14
            </a>
          </div>
        </ListRegular>
        <ListRegular
          bottomMargin={true}
          title="Contact information"
        >
          <TwoColRow
            col1="Email"
            col1Width={null}
            col2={
              <a
                href="mailto:mailto:informasjonsforvaltning@brreg.no"
                rel="noopener noreferrer"
                title="mailto:informasjonsforvaltning@brreg.no"
              >
                mailto:informasjonsforvaltning@brreg.no
              </a>
            }
            col2Width={null}
          />
          <TwoColRow
            col1="Phone"
            col1Width={null}
            col2="47 750 07 500"
            col2Width={null}
          />
        </ListRegular>
        <div
          style={
            Object {
              "height": "75vh",
            }
          }
        />
      </section>
    </div>
  </article>
</main>
`;

exports[`should render ConceptDetailsPage correctly with no apiItem 1`] = `""`;
