// Jest Snapshot v1, https://goo.gl/fbAQLP

exports[`should render ConceptDetailsPage correctly with conceptItem 1`] = `
<main
  className="container"
  id="content"
>
  <article>
    <div
      className="row"
    >
      <div
        className="col-12 col-lg-8  offset-lg-4"
      >
        <SideEffect(DocumentMeta)
          description="engelsk definition14"
          title="engelsk preflabel14"
        />
        <div
          className="fdk-detail-date mb-5"
        >
          <HarvestDate
            harvest={
              Object {
                "firstHarvested": "2018-11-12T08:13:43.584+0000",
                "lastHarvested": "2018-11-12T08:13:43.584+0000",
              }
            }
          />
        </div>
        <SearchHitHeader
          nationalComponent={false}
          publisher={
            Object {
              "orgPath": "/ba/be/bi/14",
              "prefLabel": Object {
                "en": "engelsk pub preflabel14",
                "no": "norsk pub preflabel14",
              },
            }
          }
          publisherItems={null}
          publisherLabel="Responsible:"
          publisherTag="span"
          tag="h1"
          theme={null}
          title="engelsk preflabel14"
          titleLink={null}
        />
      </div>
    </div>
    <div
      className="row"
    >
      <div
        className="col-12 col-lg-4 "
      >
        <StickyMenu
          menuItems={
            Array [
              Object {
                "name": "engelsk preflabel14",
                "prefLabel": "Definition",
              },
              Object {
                "name": "Identifier",
                "prefLabel": "Identifier",
              },
              Object {
                "name": "Contact information",
                "prefLabel": "Contact information",
              },
            ]
          }
        />
      </div>
      <section
        className="col-12 col-lg-8 mt-3"
      >
        <withStateHandlers(ShowMorePure)
          contentHtml="engelsk definition14"
          showMoreButtonText="Show the full description"
        />
        <ListRegular
          bottomMargin={true}
          title="Identifier"
        >
          <div
            className="d-flex list-regular--item"
          >
            <a
              href="/api/concepts/14"
            >
              null/api/concepts/14
            </a>
          </div>
        </ListRegular>
        <ListRegular
          bottomMargin={true}
          title="Contact information"
        >
          <TwoColRow
            col1="Email"
            col2={
              <a
                href="mailto:mailto:informasjonsforvaltning@brreg.no"
                rel="noopener noreferrer"
                title="mailto:informasjonsforvaltning@brreg.no"
              >
                mailto:informasjonsforvaltning@brreg.no
              </a>
            }
          />
          <TwoColRow
            col1="Phone"
            col2="47 750 07 500"
          />
        </ListRegular>
        <div
          style={
            Object {
              "height": "75vh",
            }
          }
        />
      </section>
    </div>
  </article>
</main>
`;

exports[`should render ConceptDetailsPage correctly with no apiItem 1`] = `""`;
