// Jest Snapshot v1, https://goo.gl/fbAQLP

exports[`should render HarvestDate with harvest dates 1`] = `
<div
  className="d-flex flex-wrap"
>
  <span
    className="d-flex flex-wrap align-self-center"
  >
    Published in The National Data Catalog
     
    <t
      ago={false}
      calendar={false}
      decimal={false}
      element="time"
      filter={[Function]}
      format="DD.MM.YYYY"
      fromNow={false}
      interval={60000}
      onChange={[Function]}
      toNow={false}
      unit={null}
      unix={false}
      utc={false}
    >
      2018-06-25T19":51:05+0200
    </t>
     / 
  </span>
  <span
    className="d-flex flex-wrap align-self-center"
  >
    Last changed in The National Data Catalog
     
    <t
      ago={false}
      calendar={false}
      decimal={false}
      element="time"
      filter={[Function]}
      format="DD.MM.YYYY"
      fromNow={false}
      interval={60000}
      onChange={[Function]}
      toNow={false}
      unit={null}
      unix={false}
      utc={false}
    >
      2018-07-09T14:40:37+0200
    </t>
  </span>
</div>
`;

exports[`should render HarvestDate with no props 1`] = `""`;
