// Jest Snapshot v1, https://goo.gl/fbAQLP

exports[`should render APIRegistrationPage correctly 1`] = `
<div
  className="container"
>
  <div
    className="row mb-5"
  >
    <div
      className="col-12"
    >
      <ListRegular
        bottomMargin={true}
        title="Importert fra spesifikasjon"
      >
        <ListRegularItem
          asideContent="Tittel"
          mainContent="Åpne Data fra Enhetsregisteret - API Dokumentasjon"
        />
        <ListRegularItem
          asideContent="Beskrivelse"
          mainContent="Teknisk beskrivelse av REST-tjenestene i Åpne Data fra Enhetsregisteret - Work in progress
---

## Ordbok
### Enhetsregisteret
Register over grunndata om juridiske personer og andre enheter. Enhetsregisteret tildeler organisasjonsnummer for entydig identifisering av enheter.

### Organisasjonsnummer
Nisifret nummer som entydig identifiserer enheter i Enhetsregisteret.

### Enhet
Enhet på øverste nivå i registreringsstrukturen i Enhetsregisteret. Eksempelvis enkeltpersonforetak, foreninger, selskap, sameier og andre som er registrert i Enhetsregisteret. Identifiseres med organisasjonsnummer.

### Underenhet
Enhet på laveste nivå i registreringsstrukturen i Enhetsregisteret. En underenhet kan ikke eksistere alene og har alltid knytning til en hovedenhet. Identifiseres med organisasjonsnummer.

### Organisasjonsform
Organisasjonsform er virksomhetens formelle organisering og gir retningslinjer overfor blant annet ansvarsforhold, skatt, revisjonsplikt, rettigheter og plikter.

### Næringskode
[Næringskoder]: https://www.brreg.no/bedrift/naeringskoder/
[Næringskoder]  på brreg.no

[Standard for næringsgruppering]: https://www.ssb.no/klass/klassifikasjoner/6
[Standard for næringsgruppering]
---

## Versjonering
Du kan velge major versjon ved å spesifisere HTTP Accept-headeren. Bruk headeren spesifisert i tabellen under. Hvis versjon ikke spesifiseres, vil man få siste versjon.
<table>
  <thead>
    <tr>
      <th>API</th>
      <th>Header</th>
    </tr>
  </thead>
  <tbody>
    <tr>
      <td>/</td>
      <td>application/vnd.enhetsregisteret.v1+json</td>
    </tr>
    <tr>
      <td>/organisasjonsformer</td>
      <td>application/vnd.enhetsregisteret.organisasjonsform.v1+json</td>
    </tr>
  </tbody>
</table>


### Strategi
Vi skal normalt ikke bryte bakoverkompabiliteten med våre brukere. Likevel kan det være nødvendig i enkelte situasjoner, av for eksempel juridiske årsaker eller vedlikehold, å gjøre endringer som medfører et slikt brudd. Vi vil i dette tilfellet versjonere tjenesten slik at nyeste versjon vil være tilgjengelig sammen med forrige versjon.

#### Dersom man ikke benytter versjonering i accept header, vil man få siste versjon.

Eldre versjon vil anses som utdatert/deprecated, og vil på sikt bli tatt bort. Ved behov for denne typen endringer vil vi forsøke å gi bruker god tid, og varsle om endringen i forkant. Se punkt om varsling.

### Når innføres ny versjon
Vi vil innføre en ny versjon når vi introduserer en endring som påvirker bakoverkompabiliteten. Mindre endringer og patcher vil ikke medføre versjonsendring i header.

### Når fjernes en versjon
Vi vil legge ut varsel/driftsmeldinger i god tid på følgende steder:
- [Driftsmeldinger]: https://www.brreg.no/om-oss/driftsmeldinger/
[Driftsmeldinger]
- [RSS-feed]: https://www.brreg.no/produkter-og-tjenester/rss-feed/
[RSS-feed].

Eksempel på endring som medfører versjonering:

- Fjerne eller endre navn på et attributt i HTTP-responsen.

- Fjerne eller endre navn på et REST endepunkt.

---

## Endringslogg
<table>
  <thead>
    <tr>
      <th>Versjon</th>
      <th>Dato</th>
      <th>Endring</th>
    </tr>
  </thead>
  <tbody>
    <tr>
      <td>1.1.0</td>
      <td>14. august 2018</td>
      <td>Ny tjeneste /oppdateringer/enheter og /oppdateringer/underenheter</td>
    </tr>
    <tr>
      <td>1.0.0</td>
      <td>6. april 2018</td>
      <td>Produksjonssetting av ny åpne data tjeneste for Enhetsregisteret</td>
    </tr>
  </tbody>
</table>
"
        />
        <ListRegularItem
          asideContent="Versjon"
          mainContent="1.0.0"
        />
        <ListRegularItem
          asideContent="Operasjoner"
          mainContent="9 operasjoner"
        />
        <div
          className="d-flex list-regular--item"
        >
          <div
            className="col-4 pl-0 fdk-text-strong"
          >
            Lisens
          </div>
          <div
            className="col-8"
          >
            <a
              href="https://data.norge.no/nlod/no/"
            >
              Norsk lisens for offentlige data (NLOD)
              <i
                className="fa fa-external-link fdk-fa-right"
              />
            </a>
          </div>
        </div>
        <div
          className="d-flex list-regular--item"
        >
          <div
            className="col-4 pl-0 fdk-text-strong"
          >
            Kontaktinformasjon
          </div>
          <div
            className="col-8"
          >
            <span>
              Forenkling og Brukerdialog hos Brønnøysundregistrene
              , 
            </span>
            <span>
              , 
            </span>
            <span>
              opendata@brreg.no
              , 
            </span>
          </div>
        </div>
      </ListRegular>
    </div>
  </div>
</div>
`;
