// Jest Snapshot v1, https://goo.gl/fbAQLP

exports[`should render ApiRegistrationPagePure correctly 1`] = `
<div
  className="container"
>
  <div
    className="row mb-5"
  >
    <div
      className="col-12"
    >
      <h1>
        Åpne Data fra Enhetsregisteret - API Dokumentasjon
      </h1>
      <div
        className="fdk-reg-datasets-publisher mt-2 mb-4"
      />
    </div>
  </div>
  <div
    className="row mb-5"
  >
    <div
      className="col-12"
    >
      <Component
        apiId="3ad7ec56-4fb8-471a-8931-7ba0640d42a4"
        apiSuccess={[Function]}
        catalogId="910244132"
        fromApiCatalog={false}
        handleShowImportError={[Function]}
        handleShowImportSpecificationButtons={[Function]}
        handleShowImportSuccess={[Function]}
        info={
          Object {
            "contact": Object {
              "email": "opendata@brreg.no",
              "name": "Forenkling og Brukerdialog hos Brønnøysundregistrene",
            },
            "description": "Teknisk beskrivelse av REST-tjenestene i Åpne Data fra Enhetsregisteret - Work in progress
---

## Ordbok
### Enhetsregisteret
Register over grunndata om juridiske personer og andre enheter. Enhetsregisteret tildeler organisasjonsnummer for entydig identifisering av enheter.

### Organisasjonsnummer
Nisifret nummer som entydig identifiserer enheter i Enhetsregisteret.

### Enhet
Enhet på øverste nivå i registreringsstrukturen i Enhetsregisteret. Eksempelvis enkeltpersonforetak, foreninger, selskap, sameier og andre som er registrert i Enhetsregisteret. Identifiseres med organisasjonsnummer.

### Underenhet
Enhet på laveste nivå i registreringsstrukturen i Enhetsregisteret. En underenhet kan ikke eksistere alene og har alltid knytning til en hovedenhet. Identifiseres med organisasjonsnummer.

### Organisasjonsform
Organisasjonsform er virksomhetens formelle organisering og gir retningslinjer overfor blant annet ansvarsforhold, skatt, revisjonsplikt, rettigheter og plikter.

### Næringskode
[Næringskoder]: https://www.brreg.no/bedrift/naeringskoder/
[Næringskoder]  på brreg.no

[Standard for næringsgruppering]: https://www.ssb.no/klass/klassifikasjoner/6
[Standard for næringsgruppering]
---

## Versjonering
Du kan velge major versjon ved å spesifisere HTTP Accept-headeren. Bruk headeren spesifisert i tabellen under. Hvis versjon ikke spesifiseres, vil man få siste versjon.
<table>
  <thead>
    <tr>
      <th>API</th>
      <th>Header</th>
    </tr>
  </thead>
  <tbody>
    <tr>
      <td>/</td>
      <td>application/vnd.enhetsregisteret.v1+json</td>
    </tr>
    <tr>
      <td>/organisasjonsformer</td>
      <td>application/vnd.enhetsregisteret.organisasjonsform.v1+json</td>
    </tr>
  </tbody>
</table>


### Strategi
Vi skal normalt ikke bryte bakoverkompabiliteten med våre brukere. Likevel kan det være nødvendig i enkelte situasjoner, av for eksempel juridiske årsaker eller vedlikehold, å gjøre endringer som medfører et slikt brudd. Vi vil i dette tilfellet versjonere tjenesten slik at nyeste versjon vil være tilgjengelig sammen med forrige versjon.

#### Dersom man ikke benytter versjonering i accept header, vil man få siste versjon.

Eldre versjon vil anses som utdatert/deprecated, og vil på sikt bli tatt bort. Ved behov for denne typen endringer vil vi forsøke å gi bruker god tid, og varsle om endringen i forkant. Se punkt om varsling.

### Når innføres ny versjon
Vi vil innføre en ny versjon når vi introduserer en endring som påvirker bakoverkompabiliteten. Mindre endringer og patcher vil ikke medføre versjonsendring i header.

### Når fjernes en versjon
Vi vil legge ut varsel/driftsmeldinger i god tid på følgende steder:
- [Driftsmeldinger]: https://www.brreg.no/om-oss/driftsmeldinger/
[Driftsmeldinger]
- [RSS-feed]: https://www.brreg.no/produkter-og-tjenester/rss-feed/
[RSS-feed].

Eksempel på endring som medfører versjonering:

- Fjerne eller endre navn på et attributt i HTTP-responsen.

- Fjerne eller endre navn på et REST endepunkt.

---

## Endringslogg
<table>
  <thead>
    <tr>
      <th>Versjon</th>
      <th>Dato</th>
      <th>Endring</th>
    </tr>
  </thead>
  <tbody>
    <tr>
      <td>1.1.0</td>
      <td>14. august 2018</td>
      <td>Ny tjeneste /oppdateringer/enheter og /oppdateringer/underenheter</td>
    </tr>
    <tr>
      <td>1.0.0</td>
      <td>6. april 2018</td>
      <td>Produksjonssetting av ny åpne data tjeneste for Enhetsregisteret</td>
    </tr>
  </tbody>
</table>
",
            "license": Object {
              "name": "Norsk lisens for offentlige data (NLOD)",
              "url": "https://data.norge.no/nlod/no/",
            },
            "title": "Åpne Data fra Enhetsregisteret - API Dokumentasjon",
            "version": "1.0.0",
          }
        }
        paths={
          Object {
            "/": Object {
              "get": Object {
                "description": "Hent alle tjenester",
              },
            },
            "/enheter": Object {
              "get": Object {
                "description": "Hent alle enheter",
              },
            },
            "/enheter/{organisasjonsnummer}": Object {
              "get": Object {
                "description": "Hent detaljer om enhet",
              },
            },
            "/oppdateringer/enheter": Object {
              "get": Object {
                "description": "Hent oppdateringer på enheter",
              },
            },
            "/oppdateringer/underenheter": Object {
              "get": Object {
                "description": "Hent oppdateringer på underenheter",
              },
            },
            "/organisasjonsformer": Object {
              "get": Object {
                "description": "Hent alle organisasjonsformer",
              },
            },
            "/organisasjonsformer/{orgformKode}": Object {
              "get": Object {
                "description": "Hent en enkelt organisasjonsform fra kode",
              },
            },
            "/underenheter": Object {
              "get": Object {
                "description": "Hent alle underenheter",
              },
            },
            "/underenheter/{organisasjonsnummer}": Object {
              "get": Object {
                "description": "Hent detaljer om underenhet",
              },
            },
          }
        }
        showImportSpecificationButtons={false}
      />
    </div>
  </div>
  <div
    className="row mb-5"
  >
    <div
      className="col-12"
    >
      <h3>
        Tilleggsinformasjon
      </h3>
      <span>
        For at API-beskrivelsen skal være nyttig for brukerne av Felles Datakatalog bør du legge til tilleggsinformasjon. Denne er spesifikk for Datakatalogen og vil kun brukes her.
      </span>
    </div>
  </div>
  <div
    className="row mb-5"
  >
    <div
      className="col-12"
    >
      <withState(withHandlers(Component))
        showInitially={true}
        title="Tilgang"
      >
        <Connect(ReduxForm)
          apiItem={
            Object {
              "_lastModified": "2019-01-16T10:59:24.587+0000",
              "apiSpecUrl": "https://raw.githubusercontent.com/brreg/openAPI/master/specs/enhetsregisteret.json",
              "apiSpecification": Object {
                "formats": Array [
                  "application/json",
                  "application/vnd.enhetsregisteret.enhet.v1+json",
                  "application/vnd.enhetsregisteret.organisasjonsform.v1+json",
                ],
                "info": Object {
                  "contact": Object {
                    "email": "opendata@brreg.no",
                    "name": "Forenkling og Brukerdialog hos Brønnøysundregistrene",
                  },
                  "description": "Teknisk beskrivelse av REST-tjenestene i Åpne Data fra Enhetsregisteret - Work in progress
---

## Ordbok
### Enhetsregisteret
Register over grunndata om juridiske personer og andre enheter. Enhetsregisteret tildeler organisasjonsnummer for entydig identifisering av enheter.

### Organisasjonsnummer
Nisifret nummer som entydig identifiserer enheter i Enhetsregisteret.

### Enhet
Enhet på øverste nivå i registreringsstrukturen i Enhetsregisteret. Eksempelvis enkeltpersonforetak, foreninger, selskap, sameier og andre som er registrert i Enhetsregisteret. Identifiseres med organisasjonsnummer.

### Underenhet
Enhet på laveste nivå i registreringsstrukturen i Enhetsregisteret. En underenhet kan ikke eksistere alene og har alltid knytning til en hovedenhet. Identifiseres med organisasjonsnummer.

### Organisasjonsform
Organisasjonsform er virksomhetens formelle organisering og gir retningslinjer overfor blant annet ansvarsforhold, skatt, revisjonsplikt, rettigheter og plikter.

### Næringskode
[Næringskoder]: https://www.brreg.no/bedrift/naeringskoder/
[Næringskoder]  på brreg.no

[Standard for næringsgruppering]: https://www.ssb.no/klass/klassifikasjoner/6
[Standard for næringsgruppering]
---

## Versjonering
Du kan velge major versjon ved å spesifisere HTTP Accept-headeren. Bruk headeren spesifisert i tabellen under. Hvis versjon ikke spesifiseres, vil man få siste versjon.
<table>
  <thead>
    <tr>
      <th>API</th>
      <th>Header</th>
    </tr>
  </thead>
  <tbody>
    <tr>
      <td>/</td>
      <td>application/vnd.enhetsregisteret.v1+json</td>
    </tr>
    <tr>
      <td>/organisasjonsformer</td>
      <td>application/vnd.enhetsregisteret.organisasjonsform.v1+json</td>
    </tr>
  </tbody>
</table>


### Strategi
Vi skal normalt ikke bryte bakoverkompabiliteten med våre brukere. Likevel kan det være nødvendig i enkelte situasjoner, av for eksempel juridiske årsaker eller vedlikehold, å gjøre endringer som medfører et slikt brudd. Vi vil i dette tilfellet versjonere tjenesten slik at nyeste versjon vil være tilgjengelig sammen med forrige versjon.

#### Dersom man ikke benytter versjonering i accept header, vil man få siste versjon.

Eldre versjon vil anses som utdatert/deprecated, og vil på sikt bli tatt bort. Ved behov for denne typen endringer vil vi forsøke å gi bruker god tid, og varsle om endringen i forkant. Se punkt om varsling.

### Når innføres ny versjon
Vi vil innføre en ny versjon når vi introduserer en endring som påvirker bakoverkompabiliteten. Mindre endringer og patcher vil ikke medføre versjonsendring i header.

### Når fjernes en versjon
Vi vil legge ut varsel/driftsmeldinger i god tid på følgende steder:
- [Driftsmeldinger]: https://www.brreg.no/om-oss/driftsmeldinger/
[Driftsmeldinger]
- [RSS-feed]: https://www.brreg.no/produkter-og-tjenester/rss-feed/
[RSS-feed].

Eksempel på endring som medfører versjonering:

- Fjerne eller endre navn på et attributt i HTTP-responsen.

- Fjerne eller endre navn på et REST endepunkt.

---

## Endringslogg
<table>
  <thead>
    <tr>
      <th>Versjon</th>
      <th>Dato</th>
      <th>Endring</th>
    </tr>
  </thead>
  <tbody>
    <tr>
      <td>1.1.0</td>
      <td>14. august 2018</td>
      <td>Ny tjeneste /oppdateringer/enheter og /oppdateringer/underenheter</td>
    </tr>
    <tr>
      <td>1.0.0</td>
      <td>6. april 2018</td>
      <td>Produksjonssetting av ny åpne data tjeneste for Enhetsregisteret</td>
    </tr>
  </tbody>
</table>
",
                  "license": Object {
                    "name": "Norsk lisens for offentlige data (NLOD)",
                    "url": "https://data.norge.no/nlod/no/",
                  },
                  "title": "Åpne Data fra Enhetsregisteret - API Dokumentasjon",
                  "version": "1.0.0",
                },
                "paths": Object {
                  "/": Object {
                    "get": Object {
                      "description": "Hent alle tjenester",
                    },
                  },
                  "/enheter": Object {
                    "get": Object {
                      "description": "Hent alle enheter",
                    },
                  },
                  "/enheter/{organisasjonsnummer}": Object {
                    "get": Object {
                      "description": "Hent detaljer om enhet",
                    },
                  },
                  "/oppdateringer/enheter": Object {
                    "get": Object {
                      "description": "Hent oppdateringer på enheter",
                    },
                  },
                  "/oppdateringer/underenheter": Object {
                    "get": Object {
                      "description": "Hent oppdateringer på underenheter",
                    },
                  },
                  "/organisasjonsformer": Object {
                    "get": Object {
                      "description": "Hent alle organisasjonsformer",
                    },
                  },
                  "/organisasjonsformer/{orgformKode}": Object {
                    "get": Object {
                      "description": "Hent en enkelt organisasjonsform fra kode",
                    },
                  },
                  "/underenheter": Object {
                    "get": Object {
                      "description": "Hent alle underenheter",
                    },
                  },
                  "/underenheter/{organisasjonsnummer}": Object {
                    "get": Object {
                      "description": "Hent detaljer om underenhet",
                    },
                  },
                },
              },
              "catalogId": "910244132",
              "fromApiCatalog": false,
              "id": "3ad7ec56-4fb8-471a-8931-7ba0640d42a4",
              "nationalComponent": false,
              "registrationStatus": "DRAFT",
            }
          }
        />
      </withState(withHandlers(Component))>
    </div>
  </div>
  <div
    className="row mb-5"
  >
    <div
      className="col-12"
    >
      <withState(withHandlers(Component))
        showInitially={true}
        title="Vilkår og begrensninger"
      >
        <Connect(ReduxForm)
          apiItem={
            Object {
              "_lastModified": "2019-01-16T10:59:24.587+0000",
              "apiSpecUrl": "https://raw.githubusercontent.com/brreg/openAPI/master/specs/enhetsregisteret.json",
              "apiSpecification": Object {
                "formats": Array [
                  "application/json",
                  "application/vnd.enhetsregisteret.enhet.v1+json",
                  "application/vnd.enhetsregisteret.organisasjonsform.v1+json",
                ],
                "info": Object {
                  "contact": Object {
                    "email": "opendata@brreg.no",
                    "name": "Forenkling og Brukerdialog hos Brønnøysundregistrene",
                  },
                  "description": "Teknisk beskrivelse av REST-tjenestene i Åpne Data fra Enhetsregisteret - Work in progress
---

## Ordbok
### Enhetsregisteret
Register over grunndata om juridiske personer og andre enheter. Enhetsregisteret tildeler organisasjonsnummer for entydig identifisering av enheter.

### Organisasjonsnummer
Nisifret nummer som entydig identifiserer enheter i Enhetsregisteret.

### Enhet
Enhet på øverste nivå i registreringsstrukturen i Enhetsregisteret. Eksempelvis enkeltpersonforetak, foreninger, selskap, sameier og andre som er registrert i Enhetsregisteret. Identifiseres med organisasjonsnummer.

### Underenhet
Enhet på laveste nivå i registreringsstrukturen i Enhetsregisteret. En underenhet kan ikke eksistere alene og har alltid knytning til en hovedenhet. Identifiseres med organisasjonsnummer.

### Organisasjonsform
Organisasjonsform er virksomhetens formelle organisering og gir retningslinjer overfor blant annet ansvarsforhold, skatt, revisjonsplikt, rettigheter og plikter.

### Næringskode
[Næringskoder]: https://www.brreg.no/bedrift/naeringskoder/
[Næringskoder]  på brreg.no

[Standard for næringsgruppering]: https://www.ssb.no/klass/klassifikasjoner/6
[Standard for næringsgruppering]
---

## Versjonering
Du kan velge major versjon ved å spesifisere HTTP Accept-headeren. Bruk headeren spesifisert i tabellen under. Hvis versjon ikke spesifiseres, vil man få siste versjon.
<table>
  <thead>
    <tr>
      <th>API</th>
      <th>Header</th>
    </tr>
  </thead>
  <tbody>
    <tr>
      <td>/</td>
      <td>application/vnd.enhetsregisteret.v1+json</td>
    </tr>
    <tr>
      <td>/organisasjonsformer</td>
      <td>application/vnd.enhetsregisteret.organisasjonsform.v1+json</td>
    </tr>
  </tbody>
</table>


### Strategi
Vi skal normalt ikke bryte bakoverkompabiliteten med våre brukere. Likevel kan det være nødvendig i enkelte situasjoner, av for eksempel juridiske årsaker eller vedlikehold, å gjøre endringer som medfører et slikt brudd. Vi vil i dette tilfellet versjonere tjenesten slik at nyeste versjon vil være tilgjengelig sammen med forrige versjon.

#### Dersom man ikke benytter versjonering i accept header, vil man få siste versjon.

Eldre versjon vil anses som utdatert/deprecated, og vil på sikt bli tatt bort. Ved behov for denne typen endringer vil vi forsøke å gi bruker god tid, og varsle om endringen i forkant. Se punkt om varsling.

### Når innføres ny versjon
Vi vil innføre en ny versjon når vi introduserer en endring som påvirker bakoverkompabiliteten. Mindre endringer og patcher vil ikke medføre versjonsendring i header.

### Når fjernes en versjon
Vi vil legge ut varsel/driftsmeldinger i god tid på følgende steder:
- [Driftsmeldinger]: https://www.brreg.no/om-oss/driftsmeldinger/
[Driftsmeldinger]
- [RSS-feed]: https://www.brreg.no/produkter-og-tjenester/rss-feed/
[RSS-feed].

Eksempel på endring som medfører versjonering:

- Fjerne eller endre navn på et attributt i HTTP-responsen.

- Fjerne eller endre navn på et REST endepunkt.

---

## Endringslogg
<table>
  <thead>
    <tr>
      <th>Versjon</th>
      <th>Dato</th>
      <th>Endring</th>
    </tr>
  </thead>
  <tbody>
    <tr>
      <td>1.1.0</td>
      <td>14. august 2018</td>
      <td>Ny tjeneste /oppdateringer/enheter og /oppdateringer/underenheter</td>
    </tr>
    <tr>
      <td>1.0.0</td>
      <td>6. april 2018</td>
      <td>Produksjonssetting av ny åpne data tjeneste for Enhetsregisteret</td>
    </tr>
  </tbody>
</table>
",
                  "license": Object {
                    "name": "Norsk lisens for offentlige data (NLOD)",
                    "url": "https://data.norge.no/nlod/no/",
                  },
                  "title": "Åpne Data fra Enhetsregisteret - API Dokumentasjon",
                  "version": "1.0.0",
                },
                "paths": Object {
                  "/": Object {
                    "get": Object {
                      "description": "Hent alle tjenester",
                    },
                  },
                  "/enheter": Object {
                    "get": Object {
                      "description": "Hent alle enheter",
                    },
                  },
                  "/enheter/{organisasjonsnummer}": Object {
                    "get": Object {
                      "description": "Hent detaljer om enhet",
                    },
                  },
                  "/oppdateringer/enheter": Object {
                    "get": Object {
                      "description": "Hent oppdateringer på enheter",
                    },
                  },
                  "/oppdateringer/underenheter": Object {
                    "get": Object {
                      "description": "Hent oppdateringer på underenheter",
                    },
                  },
                  "/organisasjonsformer": Object {
                    "get": Object {
                      "description": "Hent alle organisasjonsformer",
                    },
                  },
                  "/organisasjonsformer/{orgformKode}": Object {
                    "get": Object {
                      "description": "Hent en enkelt organisasjonsform fra kode",
                    },
                  },
                  "/underenheter": Object {
                    "get": Object {
                      "description": "Hent alle underenheter",
                    },
                  },
                  "/underenheter/{organisasjonsnummer}": Object {
                    "get": Object {
                      "description": "Hent detaljer om underenhet",
                    },
                  },
                },
              },
              "catalogId": "910244132",
              "fromApiCatalog": false,
              "id": "3ad7ec56-4fb8-471a-8931-7ba0640d42a4",
              "nationalComponent": false,
              "registrationStatus": "DRAFT",
            }
          }
        />
      </withState(withHandlers(Component))>
    </div>
  </div>
  <div
    className="row mb-5"
  >
    <div
      className="col-12"
    >
      <withState(withHandlers(Component))
        showInitially={true}
        title="Tjenestetype (standard)"
      >
        <Connect(ReduxForm)
          apiItem={
            Object {
              "_lastModified": "2019-01-16T10:59:24.587+0000",
              "apiSpecUrl": "https://raw.githubusercontent.com/brreg/openAPI/master/specs/enhetsregisteret.json",
              "apiSpecification": Object {
                "formats": Array [
                  "application/json",
                  "application/vnd.enhetsregisteret.enhet.v1+json",
                  "application/vnd.enhetsregisteret.organisasjonsform.v1+json",
                ],
                "info": Object {
                  "contact": Object {
                    "email": "opendata@brreg.no",
                    "name": "Forenkling og Brukerdialog hos Brønnøysundregistrene",
                  },
                  "description": "Teknisk beskrivelse av REST-tjenestene i Åpne Data fra Enhetsregisteret - Work in progress
---

## Ordbok
### Enhetsregisteret
Register over grunndata om juridiske personer og andre enheter. Enhetsregisteret tildeler organisasjonsnummer for entydig identifisering av enheter.

### Organisasjonsnummer
Nisifret nummer som entydig identifiserer enheter i Enhetsregisteret.

### Enhet
Enhet på øverste nivå i registreringsstrukturen i Enhetsregisteret. Eksempelvis enkeltpersonforetak, foreninger, selskap, sameier og andre som er registrert i Enhetsregisteret. Identifiseres med organisasjonsnummer.

### Underenhet
Enhet på laveste nivå i registreringsstrukturen i Enhetsregisteret. En underenhet kan ikke eksistere alene og har alltid knytning til en hovedenhet. Identifiseres med organisasjonsnummer.

### Organisasjonsform
Organisasjonsform er virksomhetens formelle organisering og gir retningslinjer overfor blant annet ansvarsforhold, skatt, revisjonsplikt, rettigheter og plikter.

### Næringskode
[Næringskoder]: https://www.brreg.no/bedrift/naeringskoder/
[Næringskoder]  på brreg.no

[Standard for næringsgruppering]: https://www.ssb.no/klass/klassifikasjoner/6
[Standard for næringsgruppering]
---

## Versjonering
Du kan velge major versjon ved å spesifisere HTTP Accept-headeren. Bruk headeren spesifisert i tabellen under. Hvis versjon ikke spesifiseres, vil man få siste versjon.
<table>
  <thead>
    <tr>
      <th>API</th>
      <th>Header</th>
    </tr>
  </thead>
  <tbody>
    <tr>
      <td>/</td>
      <td>application/vnd.enhetsregisteret.v1+json</td>
    </tr>
    <tr>
      <td>/organisasjonsformer</td>
      <td>application/vnd.enhetsregisteret.organisasjonsform.v1+json</td>
    </tr>
  </tbody>
</table>


### Strategi
Vi skal normalt ikke bryte bakoverkompabiliteten med våre brukere. Likevel kan det være nødvendig i enkelte situasjoner, av for eksempel juridiske årsaker eller vedlikehold, å gjøre endringer som medfører et slikt brudd. Vi vil i dette tilfellet versjonere tjenesten slik at nyeste versjon vil være tilgjengelig sammen med forrige versjon.

#### Dersom man ikke benytter versjonering i accept header, vil man få siste versjon.

Eldre versjon vil anses som utdatert/deprecated, og vil på sikt bli tatt bort. Ved behov for denne typen endringer vil vi forsøke å gi bruker god tid, og varsle om endringen i forkant. Se punkt om varsling.

### Når innføres ny versjon
Vi vil innføre en ny versjon når vi introduserer en endring som påvirker bakoverkompabiliteten. Mindre endringer og patcher vil ikke medføre versjonsendring i header.

### Når fjernes en versjon
Vi vil legge ut varsel/driftsmeldinger i god tid på følgende steder:
- [Driftsmeldinger]: https://www.brreg.no/om-oss/driftsmeldinger/
[Driftsmeldinger]
- [RSS-feed]: https://www.brreg.no/produkter-og-tjenester/rss-feed/
[RSS-feed].

Eksempel på endring som medfører versjonering:

- Fjerne eller endre navn på et attributt i HTTP-responsen.

- Fjerne eller endre navn på et REST endepunkt.

---

## Endringslogg
<table>
  <thead>
    <tr>
      <th>Versjon</th>
      <th>Dato</th>
      <th>Endring</th>
    </tr>
  </thead>
  <tbody>
    <tr>
      <td>1.1.0</td>
      <td>14. august 2018</td>
      <td>Ny tjeneste /oppdateringer/enheter og /oppdateringer/underenheter</td>
    </tr>
    <tr>
      <td>1.0.0</td>
      <td>6. april 2018</td>
      <td>Produksjonssetting av ny åpne data tjeneste for Enhetsregisteret</td>
    </tr>
  </tbody>
</table>
",
                  "license": Object {
                    "name": "Norsk lisens for offentlige data (NLOD)",
                    "url": "https://data.norge.no/nlod/no/",
                  },
                  "title": "Åpne Data fra Enhetsregisteret - API Dokumentasjon",
                  "version": "1.0.0",
                },
                "paths": Object {
                  "/": Object {
                    "get": Object {
                      "description": "Hent alle tjenester",
                    },
                  },
                  "/enheter": Object {
                    "get": Object {
                      "description": "Hent alle enheter",
                    },
                  },
                  "/enheter/{organisasjonsnummer}": Object {
                    "get": Object {
                      "description": "Hent detaljer om enhet",
                    },
                  },
                  "/oppdateringer/enheter": Object {
                    "get": Object {
                      "description": "Hent oppdateringer på enheter",
                    },
                  },
                  "/oppdateringer/underenheter": Object {
                    "get": Object {
                      "description": "Hent oppdateringer på underenheter",
                    },
                  },
                  "/organisasjonsformer": Object {
                    "get": Object {
                      "description": "Hent alle organisasjonsformer",
                    },
                  },
                  "/organisasjonsformer/{orgformKode}": Object {
                    "get": Object {
                      "description": "Hent en enkelt organisasjonsform fra kode",
                    },
                  },
                  "/underenheter": Object {
                    "get": Object {
                      "description": "Hent alle underenheter",
                    },
                  },
                  "/underenheter/{organisasjonsnummer}": Object {
                    "get": Object {
                      "description": "Hent detaljer om underenhet",
                    },
                  },
                },
              },
              "catalogId": "910244132",
              "fromApiCatalog": false,
              "id": "3ad7ec56-4fb8-471a-8931-7ba0640d42a4",
              "nationalComponent": false,
              "registrationStatus": "DRAFT",
            }
          }
          apiServiceTypeItems={null}
        />
      </withState(withHandlers(Component))>
    </div>
  </div>
  <div
    className="row mb-5"
  >
    <div
      className="col-12"
    >
      <withState(withHandlers(Component))
        showInitially={true}
        title="Status på API-et"
      >
        <Connect(ReduxForm)
          apiItem={
            Object {
              "_lastModified": "2019-01-16T10:59:24.587+0000",
              "apiSpecUrl": "https://raw.githubusercontent.com/brreg/openAPI/master/specs/enhetsregisteret.json",
              "apiSpecification": Object {
                "formats": Array [
                  "application/json",
                  "application/vnd.enhetsregisteret.enhet.v1+json",
                  "application/vnd.enhetsregisteret.organisasjonsform.v1+json",
                ],
                "info": Object {
                  "contact": Object {
                    "email": "opendata@brreg.no",
                    "name": "Forenkling og Brukerdialog hos Brønnøysundregistrene",
                  },
                  "description": "Teknisk beskrivelse av REST-tjenestene i Åpne Data fra Enhetsregisteret - Work in progress
---

## Ordbok
### Enhetsregisteret
Register over grunndata om juridiske personer og andre enheter. Enhetsregisteret tildeler organisasjonsnummer for entydig identifisering av enheter.

### Organisasjonsnummer
Nisifret nummer som entydig identifiserer enheter i Enhetsregisteret.

### Enhet
Enhet på øverste nivå i registreringsstrukturen i Enhetsregisteret. Eksempelvis enkeltpersonforetak, foreninger, selskap, sameier og andre som er registrert i Enhetsregisteret. Identifiseres med organisasjonsnummer.

### Underenhet
Enhet på laveste nivå i registreringsstrukturen i Enhetsregisteret. En underenhet kan ikke eksistere alene og har alltid knytning til en hovedenhet. Identifiseres med organisasjonsnummer.

### Organisasjonsform
Organisasjonsform er virksomhetens formelle organisering og gir retningslinjer overfor blant annet ansvarsforhold, skatt, revisjonsplikt, rettigheter og plikter.

### Næringskode
[Næringskoder]: https://www.brreg.no/bedrift/naeringskoder/
[Næringskoder]  på brreg.no

[Standard for næringsgruppering]: https://www.ssb.no/klass/klassifikasjoner/6
[Standard for næringsgruppering]
---

## Versjonering
Du kan velge major versjon ved å spesifisere HTTP Accept-headeren. Bruk headeren spesifisert i tabellen under. Hvis versjon ikke spesifiseres, vil man få siste versjon.
<table>
  <thead>
    <tr>
      <th>API</th>
      <th>Header</th>
    </tr>
  </thead>
  <tbody>
    <tr>
      <td>/</td>
      <td>application/vnd.enhetsregisteret.v1+json</td>
    </tr>
    <tr>
      <td>/organisasjonsformer</td>
      <td>application/vnd.enhetsregisteret.organisasjonsform.v1+json</td>
    </tr>
  </tbody>
</table>


### Strategi
Vi skal normalt ikke bryte bakoverkompabiliteten med våre brukere. Likevel kan det være nødvendig i enkelte situasjoner, av for eksempel juridiske årsaker eller vedlikehold, å gjøre endringer som medfører et slikt brudd. Vi vil i dette tilfellet versjonere tjenesten slik at nyeste versjon vil være tilgjengelig sammen med forrige versjon.

#### Dersom man ikke benytter versjonering i accept header, vil man få siste versjon.

Eldre versjon vil anses som utdatert/deprecated, og vil på sikt bli tatt bort. Ved behov for denne typen endringer vil vi forsøke å gi bruker god tid, og varsle om endringen i forkant. Se punkt om varsling.

### Når innføres ny versjon
Vi vil innføre en ny versjon når vi introduserer en endring som påvirker bakoverkompabiliteten. Mindre endringer og patcher vil ikke medføre versjonsendring i header.

### Når fjernes en versjon
Vi vil legge ut varsel/driftsmeldinger i god tid på følgende steder:
- [Driftsmeldinger]: https://www.brreg.no/om-oss/driftsmeldinger/
[Driftsmeldinger]
- [RSS-feed]: https://www.brreg.no/produkter-og-tjenester/rss-feed/
[RSS-feed].

Eksempel på endring som medfører versjonering:

- Fjerne eller endre navn på et attributt i HTTP-responsen.

- Fjerne eller endre navn på et REST endepunkt.

---

## Endringslogg
<table>
  <thead>
    <tr>
      <th>Versjon</th>
      <th>Dato</th>
      <th>Endring</th>
    </tr>
  </thead>
  <tbody>
    <tr>
      <td>1.1.0</td>
      <td>14. august 2018</td>
      <td>Ny tjeneste /oppdateringer/enheter og /oppdateringer/underenheter</td>
    </tr>
    <tr>
      <td>1.0.0</td>
      <td>6. april 2018</td>
      <td>Produksjonssetting av ny åpne data tjeneste for Enhetsregisteret</td>
    </tr>
  </tbody>
</table>
",
                  "license": Object {
                    "name": "Norsk lisens for offentlige data (NLOD)",
                    "url": "https://data.norge.no/nlod/no/",
                  },
                  "title": "Åpne Data fra Enhetsregisteret - API Dokumentasjon",
                  "version": "1.0.0",
                },
                "paths": Object {
                  "/": Object {
                    "get": Object {
                      "description": "Hent alle tjenester",
                    },
                  },
                  "/enheter": Object {
                    "get": Object {
                      "description": "Hent alle enheter",
                    },
                  },
                  "/enheter/{organisasjonsnummer}": Object {
                    "get": Object {
                      "description": "Hent detaljer om enhet",
                    },
                  },
                  "/oppdateringer/enheter": Object {
                    "get": Object {
                      "description": "Hent oppdateringer på enheter",
                    },
                  },
                  "/oppdateringer/underenheter": Object {
                    "get": Object {
                      "description": "Hent oppdateringer på underenheter",
                    },
                  },
                  "/organisasjonsformer": Object {
                    "get": Object {
                      "description": "Hent alle organisasjonsformer",
                    },
                  },
                  "/organisasjonsformer/{orgformKode}": Object {
                    "get": Object {
                      "description": "Hent en enkelt organisasjonsform fra kode",
                    },
                  },
                  "/underenheter": Object {
                    "get": Object {
                      "description": "Hent alle underenheter",
                    },
                  },
                  "/underenheter/{organisasjonsnummer}": Object {
                    "get": Object {
                      "description": "Hent detaljer om underenhet",
                    },
                  },
                },
              },
              "catalogId": "910244132",
              "fromApiCatalog": false,
              "id": "3ad7ec56-4fb8-471a-8931-7ba0640d42a4",
              "nationalComponent": false,
              "registrationStatus": "DRAFT",
            }
          }
          apiStatusItems={null}
        />
      </withState(withHandlers(Component))>
    </div>
  </div>
  <div
    className="row mb-5"
  >
    <div
      className="col-12"
    >
      <withState(withHandlers(Component))
        showInitially={true}
        title="Tilknyttede datasettbeskrivelser"
      >
        <Connect(ReduxForm)
          apiItem={
            Object {
              "_lastModified": "2019-01-16T10:59:24.587+0000",
              "apiSpecUrl": "https://raw.githubusercontent.com/brreg/openAPI/master/specs/enhetsregisteret.json",
              "apiSpecification": Object {
                "formats": Array [
                  "application/json",
                  "application/vnd.enhetsregisteret.enhet.v1+json",
                  "application/vnd.enhetsregisteret.organisasjonsform.v1+json",
                ],
                "info": Object {
                  "contact": Object {
                    "email": "opendata@brreg.no",
                    "name": "Forenkling og Brukerdialog hos Brønnøysundregistrene",
                  },
                  "description": "Teknisk beskrivelse av REST-tjenestene i Åpne Data fra Enhetsregisteret - Work in progress
---

## Ordbok
### Enhetsregisteret
Register over grunndata om juridiske personer og andre enheter. Enhetsregisteret tildeler organisasjonsnummer for entydig identifisering av enheter.

### Organisasjonsnummer
Nisifret nummer som entydig identifiserer enheter i Enhetsregisteret.

### Enhet
Enhet på øverste nivå i registreringsstrukturen i Enhetsregisteret. Eksempelvis enkeltpersonforetak, foreninger, selskap, sameier og andre som er registrert i Enhetsregisteret. Identifiseres med organisasjonsnummer.

### Underenhet
Enhet på laveste nivå i registreringsstrukturen i Enhetsregisteret. En underenhet kan ikke eksistere alene og har alltid knytning til en hovedenhet. Identifiseres med organisasjonsnummer.

### Organisasjonsform
Organisasjonsform er virksomhetens formelle organisering og gir retningslinjer overfor blant annet ansvarsforhold, skatt, revisjonsplikt, rettigheter og plikter.

### Næringskode
[Næringskoder]: https://www.brreg.no/bedrift/naeringskoder/
[Næringskoder]  på brreg.no

[Standard for næringsgruppering]: https://www.ssb.no/klass/klassifikasjoner/6
[Standard for næringsgruppering]
---

## Versjonering
Du kan velge major versjon ved å spesifisere HTTP Accept-headeren. Bruk headeren spesifisert i tabellen under. Hvis versjon ikke spesifiseres, vil man få siste versjon.
<table>
  <thead>
    <tr>
      <th>API</th>
      <th>Header</th>
    </tr>
  </thead>
  <tbody>
    <tr>
      <td>/</td>
      <td>application/vnd.enhetsregisteret.v1+json</td>
    </tr>
    <tr>
      <td>/organisasjonsformer</td>
      <td>application/vnd.enhetsregisteret.organisasjonsform.v1+json</td>
    </tr>
  </tbody>
</table>


### Strategi
Vi skal normalt ikke bryte bakoverkompabiliteten med våre brukere. Likevel kan det være nødvendig i enkelte situasjoner, av for eksempel juridiske årsaker eller vedlikehold, å gjøre endringer som medfører et slikt brudd. Vi vil i dette tilfellet versjonere tjenesten slik at nyeste versjon vil være tilgjengelig sammen med forrige versjon.

#### Dersom man ikke benytter versjonering i accept header, vil man få siste versjon.

Eldre versjon vil anses som utdatert/deprecated, og vil på sikt bli tatt bort. Ved behov for denne typen endringer vil vi forsøke å gi bruker god tid, og varsle om endringen i forkant. Se punkt om varsling.

### Når innføres ny versjon
Vi vil innføre en ny versjon når vi introduserer en endring som påvirker bakoverkompabiliteten. Mindre endringer og patcher vil ikke medføre versjonsendring i header.

### Når fjernes en versjon
Vi vil legge ut varsel/driftsmeldinger i god tid på følgende steder:
- [Driftsmeldinger]: https://www.brreg.no/om-oss/driftsmeldinger/
[Driftsmeldinger]
- [RSS-feed]: https://www.brreg.no/produkter-og-tjenester/rss-feed/
[RSS-feed].

Eksempel på endring som medfører versjonering:

- Fjerne eller endre navn på et attributt i HTTP-responsen.

- Fjerne eller endre navn på et REST endepunkt.

---

## Endringslogg
<table>
  <thead>
    <tr>
      <th>Versjon</th>
      <th>Dato</th>
      <th>Endring</th>
    </tr>
  </thead>
  <tbody>
    <tr>
      <td>1.1.0</td>
      <td>14. august 2018</td>
      <td>Ny tjeneste /oppdateringer/enheter og /oppdateringer/underenheter</td>
    </tr>
    <tr>
      <td>1.0.0</td>
      <td>6. april 2018</td>
      <td>Produksjonssetting av ny åpne data tjeneste for Enhetsregisteret</td>
    </tr>
  </tbody>
</table>
",
                  "license": Object {
                    "name": "Norsk lisens for offentlige data (NLOD)",
                    "url": "https://data.norge.no/nlod/no/",
                  },
                  "title": "Åpne Data fra Enhetsregisteret - API Dokumentasjon",
                  "version": "1.0.0",
                },
                "paths": Object {
                  "/": Object {
                    "get": Object {
                      "description": "Hent alle tjenester",
                    },
                  },
                  "/enheter": Object {
                    "get": Object {
                      "description": "Hent alle enheter",
                    },
                  },
                  "/enheter/{organisasjonsnummer}": Object {
                    "get": Object {
                      "description": "Hent detaljer om enhet",
                    },
                  },
                  "/oppdateringer/enheter": Object {
                    "get": Object {
                      "description": "Hent oppdateringer på enheter",
                    },
                  },
                  "/oppdateringer/underenheter": Object {
                    "get": Object {
                      "description": "Hent oppdateringer på underenheter",
                    },
                  },
                  "/organisasjonsformer": Object {
                    "get": Object {
                      "description": "Hent alle organisasjonsformer",
                    },
                  },
                  "/organisasjonsformer/{orgformKode}": Object {
                    "get": Object {
                      "description": "Hent en enkelt organisasjonsform fra kode",
                    },
                  },
                  "/underenheter": Object {
                    "get": Object {
                      "description": "Hent alle underenheter",
                    },
                  },
                  "/underenheter/{organisasjonsnummer}": Object {
                    "get": Object {
                      "description": "Hent detaljer om underenhet",
                    },
                  },
                },
              },
              "catalogId": "910244132",
              "fromApiCatalog": false,
              "id": "3ad7ec56-4fb8-471a-8931-7ba0640d42a4",
              "nationalComponent": false,
              "registrationStatus": "DRAFT",
            }
          }
          referencedDatasets={null}
        />
      </withState(withHandlers(Component))>
    </div>
  </div>
  <withProps(Connect(ReduxForm))
    apiItem={
      Object {
        "_lastModified": "2019-01-16T10:59:24.587+0000",
        "apiSpecUrl": "https://raw.githubusercontent.com/brreg/openAPI/master/specs/enhetsregisteret.json",
        "apiSpecification": Object {
          "formats": Array [
            "application/json",
            "application/vnd.enhetsregisteret.enhet.v1+json",
            "application/vnd.enhetsregisteret.organisasjonsform.v1+json",
          ],
          "info": Object {
            "contact": Object {
              "email": "opendata@brreg.no",
              "name": "Forenkling og Brukerdialog hos Brønnøysundregistrene",
            },
            "description": "Teknisk beskrivelse av REST-tjenestene i Åpne Data fra Enhetsregisteret - Work in progress
---

## Ordbok
### Enhetsregisteret
Register over grunndata om juridiske personer og andre enheter. Enhetsregisteret tildeler organisasjonsnummer for entydig identifisering av enheter.

### Organisasjonsnummer
Nisifret nummer som entydig identifiserer enheter i Enhetsregisteret.

### Enhet
Enhet på øverste nivå i registreringsstrukturen i Enhetsregisteret. Eksempelvis enkeltpersonforetak, foreninger, selskap, sameier og andre som er registrert i Enhetsregisteret. Identifiseres med organisasjonsnummer.

### Underenhet
Enhet på laveste nivå i registreringsstrukturen i Enhetsregisteret. En underenhet kan ikke eksistere alene og har alltid knytning til en hovedenhet. Identifiseres med organisasjonsnummer.

### Organisasjonsform
Organisasjonsform er virksomhetens formelle organisering og gir retningslinjer overfor blant annet ansvarsforhold, skatt, revisjonsplikt, rettigheter og plikter.

### Næringskode
[Næringskoder]: https://www.brreg.no/bedrift/naeringskoder/
[Næringskoder]  på brreg.no

[Standard for næringsgruppering]: https://www.ssb.no/klass/klassifikasjoner/6
[Standard for næringsgruppering]
---

## Versjonering
Du kan velge major versjon ved å spesifisere HTTP Accept-headeren. Bruk headeren spesifisert i tabellen under. Hvis versjon ikke spesifiseres, vil man få siste versjon.
<table>
  <thead>
    <tr>
      <th>API</th>
      <th>Header</th>
    </tr>
  </thead>
  <tbody>
    <tr>
      <td>/</td>
      <td>application/vnd.enhetsregisteret.v1+json</td>
    </tr>
    <tr>
      <td>/organisasjonsformer</td>
      <td>application/vnd.enhetsregisteret.organisasjonsform.v1+json</td>
    </tr>
  </tbody>
</table>


### Strategi
Vi skal normalt ikke bryte bakoverkompabiliteten med våre brukere. Likevel kan det være nødvendig i enkelte situasjoner, av for eksempel juridiske årsaker eller vedlikehold, å gjøre endringer som medfører et slikt brudd. Vi vil i dette tilfellet versjonere tjenesten slik at nyeste versjon vil være tilgjengelig sammen med forrige versjon.

#### Dersom man ikke benytter versjonering i accept header, vil man få siste versjon.

Eldre versjon vil anses som utdatert/deprecated, og vil på sikt bli tatt bort. Ved behov for denne typen endringer vil vi forsøke å gi bruker god tid, og varsle om endringen i forkant. Se punkt om varsling.

### Når innføres ny versjon
Vi vil innføre en ny versjon når vi introduserer en endring som påvirker bakoverkompabiliteten. Mindre endringer og patcher vil ikke medføre versjonsendring i header.

### Når fjernes en versjon
Vi vil legge ut varsel/driftsmeldinger i god tid på følgende steder:
- [Driftsmeldinger]: https://www.brreg.no/om-oss/driftsmeldinger/
[Driftsmeldinger]
- [RSS-feed]: https://www.brreg.no/produkter-og-tjenester/rss-feed/
[RSS-feed].

Eksempel på endring som medfører versjonering:

- Fjerne eller endre navn på et attributt i HTTP-responsen.

- Fjerne eller endre navn på et REST endepunkt.

---

## Endringslogg
<table>
  <thead>
    <tr>
      <th>Versjon</th>
      <th>Dato</th>
      <th>Endring</th>
    </tr>
  </thead>
  <tbody>
    <tr>
      <td>1.1.0</td>
      <td>14. august 2018</td>
      <td>Ny tjeneste /oppdateringer/enheter og /oppdateringer/underenheter</td>
    </tr>
    <tr>
      <td>1.0.0</td>
      <td>6. april 2018</td>
      <td>Produksjonssetting av ny åpne data tjeneste for Enhetsregisteret</td>
    </tr>
  </tbody>
</table>
",
            "license": Object {
              "name": "Norsk lisens for offentlige data (NLOD)",
              "url": "https://data.norge.no/nlod/no/",
            },
            "title": "Åpne Data fra Enhetsregisteret - API Dokumentasjon",
            "version": "1.0.0",
          },
          "paths": Object {
            "/": Object {
              "get": Object {
                "description": "Hent alle tjenester",
              },
            },
            "/enheter": Object {
              "get": Object {
                "description": "Hent alle enheter",
              },
            },
            "/enheter/{organisasjonsnummer}": Object {
              "get": Object {
                "description": "Hent detaljer om enhet",
              },
            },
            "/oppdateringer/enheter": Object {
              "get": Object {
                "description": "Hent oppdateringer på enheter",
              },
            },
            "/oppdateringer/underenheter": Object {
              "get": Object {
                "description": "Hent oppdateringer på underenheter",
              },
            },
            "/organisasjonsformer": Object {
              "get": Object {
                "description": "Hent alle organisasjonsformer",
              },
            },
            "/organisasjonsformer/{orgformKode}": Object {
              "get": Object {
                "description": "Hent en enkelt organisasjonsform fra kode",
              },
            },
            "/underenheter": Object {
              "get": Object {
                "description": "Hent alle underenheter",
              },
            },
            "/underenheter/{organisasjonsnummer}": Object {
              "get": Object {
                "description": "Hent detaljer om underenhet",
              },
            },
          },
        },
        "catalogId": "910244132",
        "fromApiCatalog": false,
        "id": "3ad7ec56-4fb8-471a-8931-7ba0640d42a4",
        "nationalComponent": false,
        "registrationStatus": "DRAFT",
      }
    }
    error={null}
    initialItemStatus="DRAFT"
    isSaving={false}
    justPublishedOrUnPublished={false}
    lastSaved="2019-01-16T10:59:24.587+0000"
    onDelete={[Function]}
    type="api"
  />
</div>
`;
