// Jest Snapshot v1, https://goo.gl/fbAQLP

exports[`should render ModelComponentPure correctly with no props 1`] = `""`;

exports[`should render ModelComponentPure with props 1`] = `
<Fragment>
  <div
    className="d-flex"
  >
    <button
      className="bg-transparent border-0 p-0 d-flex align-items-center w-50 node"
      name="Enhet"
      style={
        Object {
          "marginRight": "16px",
        }
      }
      type="button"
    >
      <div
        className="d-flex align-items-center"
      >
        <i
          className="fa font-weight-bold mr-2 fdk-color-link fa-angle-down"
        />
        <span
          className="d-flex w-50 fdk-text-extra-strong"
        >
          Enhet
        </span>
      </div>
    </button>
  </div>
  <Collapse
    appear={false}
    className="mt-2"
    enter={true}
    exit={true}
    in={false}
    isOpen={false}
    mountOnEnter={false}
    onEnter={[Function]}
    onEntered={[Function]}
    onEntering={[Function]}
    onExit={[Function]}
    onExited={[Function]}
    onExiting={[Function]}
    tag="div"
    timeout={350}
    unmountOnExit={false}
  >
    <ModelComponentProperty
      key="organisasjonsnummer"
      name="organisasjonsnummer"
      oneOfTypeRefs={null}
      type="string"
      typeRef={null}
    />
    <ModelComponentProperty
      key="navn"
      name="navn"
      oneOfTypeRefs={null}
      type="string"
      typeRef={null}
    />
    <ModelComponentProperty
      key="organisasjonsform"
      name="organisasjonsform"
      oneOfTypeRefs={null}
      type={null}
      typeRef="#/definitions/Organisasjonsform"
    />
    <ModelComponentProperty
      key="postadresse"
      name="postadresse"
      oneOfTypeRefs={null}
      type={null}
      typeRef="#/definitions/Adresse"
    />
    <ModelComponentProperty
      key="registreringsdatoEnhetsregisteret"
      name="registreringsdatoEnhetsregisteret"
      oneOfTypeRefs={null}
      type="string"
      typeRef={null}
    />
    <ModelComponentProperty
      key="registrertIMvaregisteret"
      name="registrertIMvaregisteret"
      oneOfTypeRefs={null}
      type="boolean"
      typeRef={null}
    />
    <ModelComponentProperty
      key="naeringskode1"
      name="naeringskode1"
      oneOfTypeRefs={null}
      type={null}
      typeRef="#/definitions/Naeringskode"
    />
    <ModelComponentProperty
      key="naeringskode2"
      name="naeringskode2"
      oneOfTypeRefs={null}
      type={null}
      typeRef="#/definitions/Naeringskode"
    />
    <ModelComponentProperty
      key="naeringskode3"
      name="naeringskode3"
      oneOfTypeRefs={null}
      type={null}
      typeRef="#/definitions/Naeringskode"
    />
    <ModelComponentProperty
      key="antallAnsatte"
      name="antallAnsatte"
      oneOfTypeRefs={null}
      type="integer"
      typeRef={null}
    />
    <ModelComponentProperty
      key="forretningsadresse"
      name="forretningsadresse"
      oneOfTypeRefs={null}
      type={null}
      typeRef="#/definitions/Adresse"
    />
    <ModelComponentProperty
      key="stiftelsedato"
      name="stiftelsedato"
      oneOfTypeRefs={null}
      type="string"
      typeRef={null}
    />
    <ModelComponentProperty
      key="institusjonellSektorkode"
      name="institusjonellSektorkode"
      oneOfTypeRefs={null}
      type={null}
      typeRef="#/definitions/Sektorkode"
    />
    <ModelComponentProperty
      key="registrertIForetaksregisteret"
      name="registrertIForetaksregisteret"
      oneOfTypeRefs={null}
      type="boolean"
      typeRef={null}
    />
    <ModelComponentProperty
      key="registrertIStiftelsesregisteret"
      name="registrertIStiftelsesregisteret"
      oneOfTypeRefs={null}
      type="boolean"
      typeRef={null}
    />
    <ModelComponentProperty
      key="registrertIFrivillighetsregisteret"
      name="registrertIFrivillighetsregisteret"
      oneOfTypeRefs={null}
      type="boolean"
      typeRef={null}
    />
    <ModelComponentProperty
      key="sisteInnsendteAarsregnskap"
      name="sisteInnsendteAarsregnskap"
      oneOfTypeRefs={null}
      type="string"
      typeRef={null}
    />
    <ModelComponentProperty
      key="konkurs"
      name="konkurs"
      oneOfTypeRefs={null}
      type="boolean"
      typeRef={null}
    />
    <ModelComponentProperty
      key="underAvvikling"
      name="underAvvikling"
      oneOfTypeRefs={null}
      type="boolean"
      typeRef={null}
    />
    <ModelComponentProperty
      key="underTvangsavviklingEllerTvangsopplosning"
      name="underTvangsavviklingEllerTvangsopplosning"
      oneOfTypeRefs={null}
      type="boolean"
      typeRef={null}
    />
    <ModelComponentProperty
      key="maalform"
      name="maalform"
      oneOfTypeRefs={null}
      type="string"
      typeRef={null}
    />
    <ModelComponentProperty
      key="_links"
      name="_links"
      oneOfTypeRefs={null}
      type={null}
      typeRef="#/definitions/Self"
    />
  </Collapse>
</Fragment>
`;
