// Jest Snapshot v1, https://goo.gl/fbAQLP

exports[`should render ImportDialog correctly 1`] = `
<Component>
  <div
    className="mb-5"
  >
    <h3>
      Importer API-spesifikasjon
    </h3>
  </div>
  <div
    className="mb-5"
  >
    Felles datakatalog støtter foreløpig Open API-Specification 2.0 og 3.0 og Swagger 2.0 i JSON format.
  </div>
  <Button
    className="mr-3"
    color="primary"
    onClick={[MockFunction]}
    tag="button"
  >
    Importer via lenke
  </Button>
  <Component
    className="btn btn-primary m-0"
    onChange={[MockFunction]}
  >
    Importer via fil
  </Component>
</Component>
`;
