// Jest Snapshot v1, https://goo.gl/fbAQLP

exports[`should render CheckboxField correctly 1`] = `
<div>
  <label
    className="form-check fdk-form-checkbox"
    htmlFor="ENG"
  >
    <input
      checked=""
      id="ENG"
      name="language"
      onChange={[Function]}
      type="checkbox"
      value="ENG"
    />
    <span
      className="form-check-label fdk-form-check-label"
    />
    <span>
      Engelsk
    </span>
  </label>
  <label
    className="form-check fdk-form-checkbox"
    htmlFor="NOR"
  >
    <input
      checked=""
      id="NOR"
      name="language"
      onChange={[Function]}
      type="checkbox"
      value="NOR"
    />
    <span
      className="form-check-label fdk-form-check-label"
    />
    <span>
      Norsk
    </span>
  </label>
  <label
    className="form-check fdk-form-checkbox"
    htmlFor="SMI"
  >
    <input
      checked=""
      id="SMI"
      name="language"
      onChange={[Function]}
      type="checkbox"
      value="SMI"
    />
    <span
      className="form-check-label fdk-form-check-label"
    />
    <span>
      Samisk
    </span>
  </label>
</div>
`;
