// Jest Snapshot v1, https://goo.gl/fbAQLP

exports[`should render LookupTagsInputField correctly 1`] = `
<div
  className="pl-2"
>
  <div
    className="d-flex align-items-center"
  >
    <TagsInput
      addKeys={
        Array [
          9,
          13,
        ]
      }
      addOnBlur={false}
      addOnPaste={false}
      className="fdk-reg-input-tags"
      disabled={false}
      focusedClassName="react-tagsinput--focused"
      inputProps={
        Object {
          "placeholder": "",
        }
      }
      maxTags={-1}
      onChange={[Function]}
      onlyUnique={false}
      pasteSplit={[Function]}
      preventSubmit={true}
      removeKeys={
        Array [
          8,
        ]
      }
      renderInput={[Function]}
      renderLayout={[Function]}
      renderTag={[Function]}
      tagDisplayProp={null}
      tagProps={
        Object {
          "className": "react-tagsinput-tag",
          "classNameRemove": "react-tagsinput-remove",
        }
      }
      validationRegex={/\\.\\*/}
      value={
        Array [
          Object {
            "altLabel": null,
            "creator": Object {
              "uri": "http://data.brreg.no/enhetsregisteret/enhet/974760673",
            },
            "datasets": null,
            "definition": Object {
              "no": "alt som er registrert med et organisasjonsnummer ",
            },
            "identifier": "https://data-david.github.io/Begrep/begrep/Enhet",
            "inScheme": Array [
              "http://data-david.github.io/vokabular/Befolkning",
            ],
            "note": Object {
              "no": "Alle hovedenheter, underenheter og organisasjonsledd som er identifisert med et organisasjonsnummer.",
            },
            "prefLabel": Object {
              "no": "enhet",
            },
            "source": "https://jira.brreg.no/browse/BEGREP-208",
            "uri": "https://data-david.github.io/Begrep/begrep/Enhet",
          },
        ]
      }
    />
  </div>
</div>
`;
