// Jest Snapshot v1, https://goo.gl/fbAQLP

exports[`should render SearchBoxPure correctly 1`] = `
<div
  className="container pt-5 pb-5"
>
  <div
    className="col-12 col-lg-10 offset-lg-1 fdk-search-flex d-flex"
  >
    <div
      className="d-inline d-lg-none"
    >
      <button
        className="fdk-button fdk-button-filter"
        onClick={[MockFunction]}
        type="button"
      >
        Filter
      </button>
    </div>
    <div
      className="fdk-search-box flex-grow-1"
    >
      <form
        onSubmit={[Function]}
      >
        <label
          htmlFor="searchBox"
        >
          <input
            aria-label="Search for contents"
            autoComplete="off"
            className="fdk-search"
            name="searchBox"
            onChange={[Function]}
            placeholder="Search for contents"
            type="search"
            value="enhetsregister"
          />
          <div
            aria-label="Clear"
            className="clear-icon"
            onClick={[Function]}
            onKeyDown={[Function]}
            role="button"
            tabIndex="0"
          />
        </label>
      </form>
    </div>
    <button
      className="fdk-button-search btn btn-lg"
      onClick={[Function]}
      type="button"
    >
      <i
        className="fa fa-search mr-2"
      />
      Search
    </button>
  </div>
  <div
    className="col-md-12 text-center"
  >
    <HitsStats
      countApis={null}
      countDatasets={100}
      countInformationModels={null}
      countTerms={10}
      filteringOrTextSearchPerformed={false}
    />
  </div>
</div>
`;
