// Jest Snapshot v1, https://goo.gl/fbAQLP

exports[`should render CheckboxFieldTheme correctly 1`] = `
<div>
  <label
    className="form-check fdk-form-checkbox"
    htmlFor="http://publications.europa.eu/resource/authority/data-theme/AGRI"
    key="0"
  >
    <input
      checked=""
      id="http://publications.europa.eu/resource/authority/data-theme/AGRI"
      name="themes"
      onChange={[Function]}
      type="checkbox"
      value="http://publications.europa.eu/resource/authority/data-theme/AGRI"
    />
    <span
      className="form-check-label fdk-form-check-label"
    />
    <span>
      Jordbruk, fiskeri, skogbruk og mat
    </span>
  </label>
  <label
    className="form-check fdk-form-checkbox"
    htmlFor="http://publications.europa.eu/resource/authority/data-theme/ECON"
    key="1"
  >
    <input
      checked=""
      id="http://publications.europa.eu/resource/authority/data-theme/ECON"
      name="themes"
      onChange={[Function]}
      type="checkbox"
      value="http://publications.europa.eu/resource/authority/data-theme/ECON"
    />
    <span
      className="form-check-label fdk-form-check-label"
    />
    <span>
      Økonomi og finans
    </span>
  </label>
  <label
    className="form-check fdk-form-checkbox"
    htmlFor="http://publications.europa.eu/resource/authority/data-theme/EDUC"
    key="2"
  >
    <input
      checked=""
      id="http://publications.europa.eu/resource/authority/data-theme/EDUC"
      name="themes"
      onChange={[Function]}
      type="checkbox"
      value="http://publications.europa.eu/resource/authority/data-theme/EDUC"
    />
    <span
      className="form-check-label fdk-form-check-label"
    />
    <span>
      Utdanning, kultur og sport
    </span>
  </label>
  <label
    className="form-check fdk-form-checkbox"
    htmlFor="http://publications.europa.eu/resource/authority/data-theme/ENER"
    key="3"
  >
    <input
      checked=""
      id="http://publications.europa.eu/resource/authority/data-theme/ENER"
      name="themes"
      onChange={[Function]}
      type="checkbox"
      value="http://publications.europa.eu/resource/authority/data-theme/ENER"
    />
    <span
      className="form-check-label fdk-form-check-label"
    />
    <span>
      Energi
    </span>
  </label>
  <label
    className="form-check fdk-form-checkbox"
    htmlFor="http://publications.europa.eu/resource/authority/data-theme/ENVI"
    key="4"
  >
    <input
      checked=""
      id="http://publications.europa.eu/resource/authority/data-theme/ENVI"
      name="themes"
      onChange={[Function]}
      type="checkbox"
      value="http://publications.europa.eu/resource/authority/data-theme/ENVI"
    />
    <span
      className="form-check-label fdk-form-check-label"
    />
    <span>
      Miljø
    </span>
  </label>
  <label
    className="form-check fdk-form-checkbox"
    htmlFor="http://publications.europa.eu/resource/authority/data-theme/GOVE"
    key="5"
  >
    <input
      checked=""
      id="http://publications.europa.eu/resource/authority/data-theme/GOVE"
      name="themes"
      onChange={[Function]}
      type="checkbox"
      value="http://publications.europa.eu/resource/authority/data-theme/GOVE"
    />
    <span
      className="form-check-label fdk-form-check-label"
    />
    <span>
      Forvaltning og offentlig sektor
    </span>
  </label>
  <label
    className="form-check fdk-form-checkbox"
    htmlFor="http://publications.europa.eu/resource/authority/data-theme/HEAL"
    key="6"
  >
    <input
      checked=""
      id="http://publications.europa.eu/resource/authority/data-theme/HEAL"
      name="themes"
      onChange={[Function]}
      type="checkbox"
      value="http://publications.europa.eu/resource/authority/data-theme/HEAL"
    />
    <span
      className="form-check-label fdk-form-check-label"
    />
    <span>
      Helse
    </span>
  </label>
  <label
    className="form-check fdk-form-checkbox"
    htmlFor="http://publications.europa.eu/resource/authority/data-theme/INTR"
    key="7"
  >
    <input
      checked=""
      id="http://publications.europa.eu/resource/authority/data-theme/INTR"
      name="themes"
      onChange={[Function]}
      type="checkbox"
      value="http://publications.europa.eu/resource/authority/data-theme/INTR"
    />
    <span
      className="form-check-label fdk-form-check-label"
    />
    <span>
      Internasjonale temaer
    </span>
  </label>
  <label
    className="form-check fdk-form-checkbox"
    htmlFor="http://publications.europa.eu/resource/authority/data-theme/JUST"
    key="8"
  >
    <input
      checked=""
      id="http://publications.europa.eu/resource/authority/data-theme/JUST"
      name="themes"
      onChange={[Function]}
      type="checkbox"
      value="http://publications.europa.eu/resource/authority/data-theme/JUST"
    />
    <span
      className="form-check-label fdk-form-check-label"
    />
    <span>
      Justis, rettssystem og allmenn sikkerhet
    </span>
  </label>
  <label
    className="form-check fdk-form-checkbox"
    htmlFor="http://publications.europa.eu/resource/authority/data-theme/REGI"
    key="9"
  >
    <input
      checked=""
      id="http://publications.europa.eu/resource/authority/data-theme/REGI"
      name="themes"
      onChange={[Function]}
      type="checkbox"
      value="http://publications.europa.eu/resource/authority/data-theme/REGI"
    />
    <span
      className="form-check-label fdk-form-check-label"
    />
    <span>
      Regioner og byer
    </span>
  </label>
  <label
    className="form-check fdk-form-checkbox"
    htmlFor="http://publications.europa.eu/resource/authority/data-theme/SOCI"
    key="10"
  >
    <input
      checked=""
      id="http://publications.europa.eu/resource/authority/data-theme/SOCI"
      name="themes"
      onChange={[Function]}
      type="checkbox"
      value="http://publications.europa.eu/resource/authority/data-theme/SOCI"
    />
    <span
      className="form-check-label fdk-form-check-label"
    />
    <span>
      Befolkning og samfunn
    </span>
  </label>
  <label
    className="form-check fdk-form-checkbox"
    htmlFor="http://publications.europa.eu/resource/authority/data-theme/TECH"
    key="11"
  >
    <input
      checked=""
      id="http://publications.europa.eu/resource/authority/data-theme/TECH"
      name="themes"
      onChange={[Function]}
      type="checkbox"
      value="http://publications.europa.eu/resource/authority/data-theme/TECH"
    />
    <span
      className="form-check-label fdk-form-check-label"
    />
    <span>
      Vitenskap og teknologi
    </span>
  </label>
  <label
    className="form-check fdk-form-checkbox"
    htmlFor="http://publications.europa.eu/resource/authority/data-theme/TRAN"
    key="12"
  >
    <input
      checked=""
      id="http://publications.europa.eu/resource/authority/data-theme/TRAN"
      name="themes"
      onChange={[Function]}
      type="checkbox"
      value="http://publications.europa.eu/resource/authority/data-theme/TRAN"
    />
    <span
      className="form-check-label fdk-form-check-label"
    />
    <span>
      Transport
    </span>
  </label>
</div>
`;
