// Jest Snapshot v1, https://goo.gl/fbAQLP

exports[`should render CatalogPure correctly with minimum props 1`] = `
<Component
  isReadOnly={false}
  itemsCount={null}
  key="910244132"
  linkUri="/catalogs/910244132/datasets"
  publisherId="910244132"
  type="datasets"
/>
`;

exports[`should render CatalogPure correctly with one dataset item 1`] = `
<Component
  isReadOnly={false}
  itemsCount={null}
  key="910244132"
  linkUri="/catalogs/910244132/datasets"
  publisherId="910244132"
  type="datasets"
/>
`;
