// Jest Snapshot v1, https://goo.gl/fbAQLP

exports[`should render SearchHitHeader with harvest dates 1`] = `
<Fragment>
  <div
    className="mb-2 d-flex flex-wrap align-items-center"
  >
    <h1
      className="mr-3"
      name="Test tittel"
    >
      Test tittel
    </h1>
  </div>
  <div
    className="mb-4 d-flex flex-wrap align-items-baseline"
  >
    <PublisherLabel
      label="Eies av"
      publisherItem={
        Object {
          "id": "974760673",
          "naeringskode": Object {
            "code": "84.110",
            "prefLabel": Object {
              "no": "Generell offentlig administrasjon",
            },
            "uri": "http://www.ssb.no/nace/sn2007/84.110",
          },
          "name": "Brønnøysundregistrene",
          "orgPath": "/STAT/912660680/974760673",
          "organisasjonsform": "ORGL",
          "overordnetEnhet": "912660680",
          "sektorkode": Object {
            "code": "6100",
            "prefLabel": Object {
              "no": "Statsforvaltningen",
            },
            "uri": "http://www.brreg.no/sektorkode/6100",
          },
          "uri": "http://data.brreg.no/enhetsregisteret/enhet/974760673",
          "valid": true,
        }
      }
      tag="span"
    />
  </div>
</Fragment>
`;

exports[`should render SearchHitHeader with no props 1`] = `
<Fragment>
  <div
    className="mb-4 d-flex flex-wrap align-items-baseline"
  />
</Fragment>
`;
