// Jest Snapshot v1, https://goo.gl/fbAQLP

exports[`should render InformationModelDetailsPage correctly with informationModelItem 1`] = `
<main
  className="container"
  id="content"
>
  <article>
    <div
      className="row"
    >
      <div
        className="col-12 col-lg-9 offset-lg-3"
      >
        <SideEffect(DocumentMeta)
          description={null}
          title="Åpne Data fra Enhetsregisteret - API Dokumentasjon"
        />
        <div
          className="d-flex align-items-center fdk-detail-date mb-5"
        >
          <i
            className="align-self-center fdk-icon-catalog-infomodel mr-2"
          />
          <strong
            className="align-self-center"
          >
            Information Model Description
             
          </strong>
          <HarvestDate
            className="align-self-center"
            harvest={
              Object {
                "changed": Array [
                  "2019-01-28T11:31:59.499+0000",
                  "2019-01-28T13:07:29.496+0000",
                ],
                "firstHarvested": "2019-01-26T12:11:59.193+0000",
                "lastChanged": "2019-01-28T13:07:29.496+0000",
                "lastHarvested": "2019-01-28T13:07:29.496+0000",
              }
            }
          />
        </div>
      </div>
    </div>
    <div
      className="row"
    >
      <div
        className="col-12 col-lg-3 "
      >
        <StickyMenu
          menuItems={
            Array [
              Object {
                "name": "Information model",
                "prefLabel": "Information model",
              },
            ]
          }
          title="Go to"
        />
      </div>
      <section
        className="col-12 col-lg-9 mt-3"
      >
        <SearchHitHeader
          darkThemeBackground={true}
          externalLink={false}
          nationalComponent={false}
          publisher={null}
          publisherItems={null}
          publisherLabel="Responsible:"
          publisherTag="span"
          referenceData={null}
          statusCode={null}
          tag="h1"
          theme={Array []}
          title="Åpne Data fra Enhetsregisteret - API Dokumentasjon"
          titleLink={null}
        />
        <ListRegular
          bottomMargin={true}
          title="Information model"
        >
          <div
            className="d-flex list-regular--item"
          />
          <Tabs
            tabContent={
              Array [
                Object {
                  "body": <Structure
                    definitions={
                      Object {
                        "Adresse": Object {
                          "properties": Object {
                            "adresse": Object {
                              "items": Object {
                                "type": "string",
                              },
                              "type": "array",
                            },
                            "kommune": Object {
                              "type": "string",
                            },
                            "kommunenummer": Object {
                              "type": "string",
                            },
                            "land": Object {
                              "type": "string",
                            },
                            "landkode": Object {
                              "type": "string",
                            },
                            "postnummer": Object {
                              "type": "string",
                            },
                            "poststed": Object {
                              "type": "string",
                            },
                          },
                        },
                        "Enhet": Object {
                          "properties": Object {
                            "_links": Object {
                              "$ref": "#/definitions/Self",
                            },
                            "antallAnsatte": Object {
                              "type": "integer",
                            },
                            "forretningsadresse": Object {
                              "$ref": "#/definitions/Adresse",
                            },
                            "institusjonellSektorkode": Object {
                              "$ref": "#/definitions/Sektorkode",
                            },
                            "konkurs": Object {
                              "type": "boolean",
                            },
                            "maalform": Object {
                              "type": "string",
                            },
                            "naeringskode1": Object {
                              "$ref": "#/definitions/Naeringskode",
                            },
                            "naeringskode2": Object {
                              "$ref": "#/definitions/Naeringskode",
                            },
                            "naeringskode3": Object {
                              "$ref": "#/definitions/Naeringskode",
                            },
                            "navn": Object {
                              "type": "string",
                            },
                            "organisasjonsform": Object {
                              "$ref": "#/definitions/Organisasjonsform",
                            },
                            "organisasjonsnummer": Object {
                              "type": "string",
                            },
                            "postadresse": Object {
                              "$ref": "#/definitions/Adresse",
                            },
                            "registreringsdatoEnhetsregisteret": Object {
                              "type": "string",
                            },
                            "registrertIForetaksregisteret": Object {
                              "type": "boolean",
                            },
                            "registrertIFrivillighetsregisteret": Object {
                              "type": "boolean",
                            },
                            "registrertIMvaregisteret": Object {
                              "type": "boolean",
                            },
                            "registrertIStiftelsesregisteret": Object {
                              "type": "boolean",
                            },
                            "sisteInnsendteAarsregnskap": Object {
                              "type": "string",
                            },
                            "stiftelsedato": Object {
                              "type": "string",
                            },
                            "underAvvikling": Object {
                              "type": "boolean",
                            },
                            "underTvangsavviklingEllerTvangsopplosning": Object {
                              "type": "boolean",
                            },
                          },
                        },
                        "Href": Object {
                          "properties": Object {
                            "href": Object {
                              "type": "string",
                            },
                          },
                        },
                        "Naeringskode": Object {
                          "properties": Object {
                            "beskrivelse": Object {
                              "type": "string",
                            },
                            "kode": Object {
                              "type": "string",
                            },
                          },
                        },
                        "Organisasjonsform": Object {
                          "properties": Object {
                            "_links": Object {
                              "$ref": "#/definitions/Self",
                            },
                            "beskrivelse": Object {
                              "type": "string",
                            },
                            "kode": Object {
                              "type": "string",
                            },
                          },
                        },
                        "Organisasjonsformer": Object {
                          "properties": Object {
                            "organisasjonsformer": Object {
                              "items": Object {
                                "$ref": "#/definitions/Organisasjonsform",
                              },
                              "type": "array",
                            },
                          },
                        },
                        "Sektorkode": Object {
                          "properties": Object {
                            "beskrivelse": Object {
                              "type": "string",
                            },
                            "kode": Object {
                              "type": "string",
                            },
                          },
                        },
                        "Self": Object {
                          "properties": Object {
                            "self": Object {
                              "$ref": "#/definitions/Href",
                            },
                          },
                        },
                        "_Organisasjonsformer": Object {
                          "properties": Object {
                            "embedded": Object {
                              "$ref": "#/definitions/Organisasjonsformer",
                            },
                          },
                        },
                      }
                    }
                  />,
                  "title": "Structure",
                },
                Object {
                  "body": <div>
                    <pre
                      style={
                        Object {
                          "whiteSpace": "pre",
                        }
                      }
                    >
                      {
  "$schema": "http://json-schema.org/draft-06/schema#",
  "$id": "https://fellesdatakatalog.brreg.no/informationmodels/936c581f-9d95-418b-8fce-e452f6bdfd5e/schema",
  "definitions": {
    "Enhet": {
      "properties": {
        "organisasjonsnummer": {
          "type": "string"
        },
        "navn": {
          "type": "string"
        },
        "organisasjonsform": {
          "$ref": "#/definitions/Organisasjonsform"
        },
        "postadresse": {
          "$ref": "#/definitions/Adresse"
        },
        "registreringsdatoEnhetsregisteret": {
          "type": "string"
        },
        "registrertIMvaregisteret": {
          "type": "boolean"
        },
        "naeringskode1": {
          "$ref": "#/definitions/Naeringskode"
        },
        "naeringskode2": {
          "$ref": "#/definitions/Naeringskode"
        },
        "naeringskode3": {
          "$ref": "#/definitions/Naeringskode"
        },
        "antallAnsatte": {
          "type": "integer"
        },
        "forretningsadresse": {
          "$ref": "#/definitions/Adresse"
        },
        "stiftelsedato": {
          "type": "string"
        },
        "institusjonellSektorkode": {
          "$ref": "#/definitions/Sektorkode"
        },
        "registrertIForetaksregisteret": {
          "type": "boolean"
        },
        "registrertIStiftelsesregisteret": {
          "type": "boolean"
        },
        "registrertIFrivillighetsregisteret": {
          "type": "boolean"
        },
        "sisteInnsendteAarsregnskap": {
          "type": "string"
        },
        "konkurs": {
          "type": "boolean"
        },
        "underAvvikling": {
          "type": "boolean"
        },
        "underTvangsavviklingEllerTvangsopplosning": {
          "type": "boolean"
        },
        "maalform": {
          "type": "string"
        },
        "_links": {
          "$ref": "#/definitions/Self"
        }
      }
    },
    "Adresse": {
      "properties": {
        "land": {
          "type": "string"
        },
        "landkode": {
          "type": "string"
        },
        "postnummer": {
          "type": "string"
        },
        "poststed": {
          "type": "string"
        },
        "adresse": {
          "type": "array",
          "items": {
            "type": "string"
          }
        },
        "kommune": {
          "type": "string"
        },
        "kommunenummer": {
          "type": "string"
        }
      }
    },
    "Naeringskode": {
      "properties": {
        "kode": {
          "type": "string"
        },
        "beskrivelse": {
          "type": "string"
        }
      }
    },
    "Sektorkode": {
      "properties": {
        "kode": {
          "type": "string"
        },
        "beskrivelse": {
          "type": "string"
        }
      }
    },
    "_Organisasjonsformer": {
      "properties": {
        "embedded": {
          "$ref": "#/definitions/Organisasjonsformer"
        }
      }
    },
    "Organisasjonsformer": {
      "properties": {
        "organisasjonsformer": {
          "type": "array",
          "items": {
            "$ref": "#/definitions/Organisasjonsform"
          }
        }
      }
    },
    "Organisasjonsform": {
      "properties": {
        "kode": {
          "type": "string"
        },
        "beskrivelse": {
          "type": "string"
        },
        "_links": {
          "$ref": "#/definitions/Self"
        }
      }
    },
    "Self": {
      "properties": {
        "self": {
          "$ref": "#/definitions/Href"
        }
      }
    },
    "Href": {
      "properties": {
        "href": {
          "type": "string"
        }
      }
    }
  }
}
                    </pre>
                  </div>,
                  "title": "JSON Schema",
                },
              ]
            }
          />
        </ListRegular>
        <div
          style={
            Object {
              "height": "75vh",
            }
          }
        />
      </section>
    </div>
  </article>
</main>
`;

exports[`should render InformationModelDetailsPage correctly with no informationModelItem 1`] = `""`;
