// Jest Snapshot v1, https://goo.gl/fbAQLP

exports[`should render CatalogItem correctly 1`] = `
<div
  className="col-md-4 pl-0"
>
  <Link
    className="card-link"
    replace={false}
    to="/catalogs/910244132"
  >
    <Card
      tag="div"
    >
      <CardBody
        tag="div"
      >
        <CardTitle
          tag="h5"
        >
          Datakatalog for RAMSUND OG ROGNAN REVISJON
        </CardTitle>
        <hr />
        <CardText
          className="fdk-catalog-text fdk-text-size-small fdk-color1"
          tag="p"
        />
      </CardBody>
    </Card>
  </Link>
</div>
`;
