// Jest Snapshot v1, https://goo.gl/fbAQLP

exports[`should render TimeoutModal correctly 1`] = `
<div>
  <Modal
    autoFocus={true}
    backdrop={true}
    backdropTransition={
      Object {
        "mountOnEnter": true,
        "timeout": 150,
      }
    }
    centered={false}
    fade={true}
    isOpen={true}
    keyboard={true}
    modalTransition={
      Object {
        "timeout": 300,
      }
    }
    onClosed={[Function]}
    onOpened={[Function]}
    role="dialog"
    toggle={[Function]}
    zIndex={1050}
  >
    <ModalHeader
      closeAriaLabel="Close"
      tag="h5"
      toggle={[MockFunction]}
      wrapTag="div"
    >
      title
    </ModalHeader>
    <ModalBody
      className="d-flex flex-column align-items-center"
      tag="div"
    >
      <div>
        ingress
         
        2 minutter og 0 sekunder.
      </div>
      <div>
        body
      </div>
    </ModalBody>
    <ModalFooter
      className="d-flex justify-content-center"
      tag="div"
    >
      <Button
        color="primary"
        onClick={[Function]}
        tag="button"
      >
        btnConfirm
      </Button>
      <Button
        color="danger"
        onClick={[Function]}
        tag="button"
      >
        btnLogout
      </Button>
    </ModalFooter>
  </Modal>
</div>
`;
