// Jest Snapshot v1, https://goo.gl/fbAQLP

exports[`should render LoginDialog correctly 1`] = `
<div
  className="login-dialog-wrapper p-5"
>
  <div
    className="container"
  >
    <div
      className="row"
    >
      <div
        className="col-12"
      >
        <div
          className="col-12 col-md-8"
        >
          <div
            className="mt-2 alert alert-warning fdk-text-size-small fdk-color-neutral-darkest"
            role="alert"
          >
            <span>
              <strong>
                Du har blitt logget ut. 
              </strong>
            </span>
            <span>
              Sesjonen ble tidsavbrutt, men vi har tatt vare på alle endringene du har gjort. Logg inn på nytt for å fortsette å jobbe med registreringen.
            </span>
          </div>
          <div
            className="mt-5 mb-5"
          >
            <Button
              className="fdk-button fdk-button-cta"
              color="secondary"
              onClick={[Function]}
              tag="button"
            >
              Logg inn
            </Button>
          </div>
          <div
            className="fdk-text-size-small fdk-text-line-medium"
          >
            <strong>
              Trenger du tilgang?
            </strong>
            <p>
              <a
                href="https://fellesdatakatalog.brreg.no/about-registration"
              >
                Les mer om hvordan du får tilgang her
                <i
                  className="fa fa-external-link fdk-fa-right"
                />
              </a>
            </p>
          </div>
        </div>
      </div>
    </div>
  </div>
</div>
`;
