// Jest Snapshot v1, https://goo.gl/fbAQLP

exports[`should render App correctly 1`] = `
<div
  className="theme-fdk"
>
  <div>
    <a
      aria-hidden="true"
      className="uu-invisible"
      href="/#content"
      id="focus-element"
    >
      Hopp til hovedinnhold
    </a>
  </div>
  <div
    id="skip-link-wrap"
  >
    <a
      href="/#content"
      id="skip-link"
    >
      Hopp til hovedinnhold
    </a>
  </div>
  <Connect(AppNavBar) />
  <div
    className="container"
  >
    <div
      className="row"
    >
      <div
        className="col-12"
      >
        <withRouter() />
      </div>
    </div>
  </div>
  <div
    className="app-routes"
  >
    <Switch>
      <Route
        component={[Function]}
        exact={true}
        path="/"
      />
      <Route
        component={[Function]}
        exact={true}
        path="/apis"
      />
      <Route
        component={[Function]}
        exact={true}
        path="/concepts"
      />
      <Route
        component={[Function]}
        exact={true}
        path="/informationmodels"
      />
      <withRouter(ScrollToTop)>
        <Switch>
          <Route
            component={[Function]}
            exact={true}
            path="/informationmodels/:id"
          />
          <Route
            component={[Function]}
            exact={true}
            path="/concepts/compare"
          />
          <Route
            component={[Function]}
            exact={true}
            path="/concepts/:id"
          />
          <Route
            component={[Function]}
            exact={true}
            path="/datasets/:id"
          />
          <Route
            component={[Function]}
            exact={true}
            path="/apis/:id"
          />
          <Route
            component={[Function]}
            exact={true}
            path="/reports"
          />
          <Route
            component={[Function]}
            exact={true}
            path="/about"
          />
          <Route
            component={[Function]}
            exact={true}
            path="/about-registration"
          />
        </Switch>
      </withRouter(ScrollToTop)>
    </Switch>
  </div>
  <div
    className="fdk-footer d-md-none"
  >
    <div
      className="container"
    >
      <div
        className="row"
      >
        <div
          className="col-sm-12 text-center mb-2"
        >
          <p
            className="fdk-p-footer"
          >
            Dette er et samarbeidsprosjekt mellom Brønnøysundregistrene, Difi og øvrige SKATE-etater.
          </p>
        </div>
        <div
          className="col-sm-12 text-center mb-2"
        >
          <p
            className="fdk-p-footer"
          >
            <a
              href="https://www.brreg.no/personvernerklaering/"
            >
              Informasjonskapsler
               og personvern
              <i
                className="fa fa-external-link fdk-fa-right"
              />
            </a>
          </p>
        </div>
        <div
          className="col-sm-12 text-center mb-2"
        >
          <p
            className="fdk-p-footer"
          >
            <a
              href="mailto:fellesdatakatalog@brreg.no"
            >
              fellesdatakatalog@brreg.no
            </a>
          </p>
        </div>
      </div>
    </div>
  </div>
  <div
    className="fdk-footer d-none d-md-block"
  >
    <div
      className="container"
    >
      <div
        className="row"
      >
        <div
          className="col-md-3"
        >
          <p
            className="fdk-p-footer"
          >
            <a
              href="https://www.brreg.no/personvernerklaering/"
            >
              Informasjonskapsler
              <br />
               og personvern
              <i
                className="fa fa-external-link fdk-fa-right"
              />
            </a>
          </p>
        </div>
        <div
          className="col-md-6 text-center"
        >
          <span
            aria-hidden="false"
            className="uu-invisible"
          >
            Felles Datakatalog.
          </span>
          <p
            className="fdk-p-footer"
          >
            Dette er et samarbeidsprosjekt mellom Brønnøysundregistrene, Difi og øvrige SKATE-etater.
          </p>
        </div>
        <div
          className="col-md-3 text-right"
        >
          <p
            className="fdk-p-footer"
          >
            <a
              href="mailto:fellesdatakatalog@brreg.no"
            >
              <span
                aria-hidden="false"
                className="uu-invisible"
              >
                Mailadresse.
              </span>
              Kontakt:
              <br />
              fellesdatakatalog@brreg.no
            </a>
          </p>
        </div>
      </div>
    </div>
  </div>
</div>
`;
