// Jest Snapshot v1, https://goo.gl/fbAQLP

exports[`should render HelpTextPure correctly 1`] = `
<div
  className="fdk-reg-helptext mb-3 p-3"
>
  <div
    className="d-flex align-items-center"
  >
    <h3>
      Title
    </h3>
  </div>
  <div
    className="d-md-flex"
  >
    <div
      dangerouslySetInnerHTML={
        Object {
          "__html": "<p class=\\"m-0\\">Kortfattet om katalogen. Angi, uten å liste, hvilke datasett den omfatter.</p>",
        }
      }
    />
    <button
      className="fdk-btn-no-border text-left p-0 ml-1 fdk-reg-helptext-more align-self-start"
      onClick={[Function]}
      type="button"
    >
      <i
        className="fa fdk-fa-left fa-angle-double-down"
      />
      Flere anbefalinger
    </button>
  </div>
  <Collapse
    appear={false}
    className="mt-3"
    enter={true}
    exit={true}
    in={false}
    isOpen={false}
    mountOnEnter={false}
    onEnter={[Function]}
    onEntered={[Function]}
    onEntering={[Function]}
    onExit={[Function]}
    onExited={[Function]}
    onExiting={[Function]}
    tag="div"
    timeout={350}
    unmountOnExit={false}
  >
    <div
      dangerouslySetInnerHTML={
        Object {
          "__html": "<p class=\\"m-0\\">Kortfattet om katalogen</p>
<ul class=\\"m-0\\">
<li>Angi, uten å liste, hvilke datasett den omfatter,</li>
<li>f.eks. datasettene til Brønnøysundregistrene.</li>
</ul>",
        }
      }
    />
  </Collapse>
</div>
`;
