// Jest Snapshot v1, https://goo.gl/fbAQLP

exports[`should render ConceptComparePage correctly with conceptItem 1`] = `
<main
  className="container"
  id="content"
>
  <article>
    <div
      className="row"
    >
      <div
        className="col-12"
      >
        <SideEffect(DocumentMeta)
          title="Compare concepts"
        />
        <h1
          className="title"
        >
          Compare concepts
           (
          3
          )
        </h1>
        <section
          className="scrollable"
        >
          <table
            className="table"
          >
            <thead
              className="sticky"
            >
              <tr>
                <th>
                  Preferred term
                </th>
                <th
                  key="row-title-prefLabel-0"
                >
                  <h3>
                    engelsk preflabel14
                  </h3>
                </th>
                <th
                  key="row-title-prefLabel-1"
                >
                  <h3>
                    engelsk preflabel19
                  </h3>
                </th>
                <th
                  key="row-title-prefLabel-2"
                >
                  <h3>
                    engelsk preflabel22
                  </h3>
                </th>
              </tr>
            </thead>
            <tbody>
              <tr>
                <td>
                  <strong>
                    Responsible
                  </strong>
                </td>
                <td
                  key="row-publisher,prefLabel-0"
                >
                  engelsk pub preflabel14
                </td>
                <td
                  key="row-publisher,prefLabel-1"
                >
                  engelsk pub preflabel19
                </td>
                <td
                  key="row-publisher,prefLabel-2"
                >
                  engelsk pub preflabel22
                </td>
              </tr>
              <tr>
                <td>
                  <strong>
                    Definition
                  </strong>
                </td>
                <td
                  key="row-definition,text-0"
                >
                  engelsk definition14
                </td>
                <td
                  key="row-definition,text-1"
                >
                  engelsk definition19
                </td>
                <td
                  key="row-definition,text-2"
                >
                  engelsk definition22
                </td>
              </tr>
              <tr>
                <td />
                <td
                  key="row-button-0"
                >
                  <button
                    className="btn fdk-text-size-15 fdk-color-link bg-transparent"
                    onClick={[Function]}
                    type="button"
                  >
                    <i
                      className="fa fa-minus-circle"
                    />
                     
                    Remove from comparison
                  </button>
                </td>
                <td
                  key="row-button-1"
                >
                  <button
                    className="btn fdk-text-size-15 fdk-color-link bg-transparent"
                    onClick={[Function]}
                    type="button"
                  >
                    <i
                      className="fa fa-minus-circle"
                    />
                     
                    Remove from comparison
                  </button>
                </td>
                <td
                  key="row-button-2"
                >
                  <button
                    className="btn fdk-text-size-15 fdk-color-link bg-transparent"
                    onClick={[Function]}
                    type="button"
                  >
                    <i
                      className="fa fa-minus-circle"
                    />
                     
                    Remove from comparison
                  </button>
                </td>
              </tr>
            </tbody>
          </table>
        </section>
      </div>
    </div>
  </article>
</main>
`;

exports[`should render ConceptComparePage correctly with no apiItem 1`] = `
<main
  className="container"
  id="content"
>
  <article>
    <div
      className="row"
    >
      <div
        className="col-12"
      >
        <SideEffect(DocumentMeta)
          title="Compare concepts"
        />
      </div>
    </div>
  </article>
</main>
`;
