// Jest Snapshot v1, https://goo.gl/fbAQLP

exports[`should render Structure success correctly with props 1`] = `
<Fragment>
  <div
    className="d-flex schema-collapse--item"
    style={
      Object {
        "marginLeft": "16px",
      }
    }
  >
    <div
      className="w-50 pl-0"
    >
      <strong>
        Name
      </strong>
    </div>
    <div
      className="w-50"
    >
      <strong>
        Type
      </strong>
    </div>
  </div>
  <div
    className="border-top pt-3 pb-3 d-flex flex-column"
    key="0"
  >
    <withStateHandlers(ModelComponentPure)
      definitions={
        Object {
          "Adresse": Object {
            "properties": Object {
              "adresse": Object {
                "items": Object {
                  "type": "string",
                },
                "type": "array",
              },
              "kommune": Object {
                "type": "string",
              },
              "kommunenummer": Object {
                "type": "string",
              },
              "land": Object {
                "type": "string",
              },
              "landkode": Object {
                "type": "string",
              },
              "postnummer": Object {
                "type": "string",
              },
              "poststed": Object {
                "type": "string",
              },
            },
          },
          "Enhet": Object {
            "properties": Object {
              "_links": Object {
                "$ref": "#/definitions/Self",
              },
              "antallAnsatte": Object {
                "type": "integer",
              },
              "forretningsadresse": Object {
                "$ref": "#/definitions/Adresse",
              },
              "institusjonellSektorkode": Object {
                "$ref": "#/definitions/Sektorkode",
              },
              "konkurs": Object {
                "type": "boolean",
              },
              "maalform": Object {
                "type": "string",
              },
              "naeringskode1": Object {
                "$ref": "#/definitions/Naeringskode",
              },
              "naeringskode2": Object {
                "$ref": "#/definitions/Naeringskode",
              },
              "naeringskode3": Object {
                "$ref": "#/definitions/Naeringskode",
              },
              "navn": Object {
                "type": "string",
              },
              "organisasjonsform": Object {
                "$ref": "#/definitions/Organisasjonsform",
              },
              "organisasjonsnummer": Object {
                "type": "string",
              },
              "postadresse": Object {
                "$ref": "#/definitions/Adresse",
              },
              "registreringsdatoEnhetsregisteret": Object {
                "type": "string",
              },
              "registrertIForetaksregisteret": Object {
                "type": "boolean",
              },
              "registrertIFrivillighetsregisteret": Object {
                "type": "boolean",
              },
              "registrertIMvaregisteret": Object {
                "type": "boolean",
              },
              "registrertIStiftelsesregisteret": Object {
                "type": "boolean",
              },
              "sisteInnsendteAarsregnskap": Object {
                "type": "string",
              },
              "stiftelsedato": Object {
                "type": "string",
              },
              "underAvvikling": Object {
                "type": "boolean",
              },
              "underTvangsavviklingEllerTvangsopplosning": Object {
                "type": "boolean",
              },
            },
          },
          "Href": Object {
            "properties": Object {
              "href": Object {
                "type": "string",
              },
            },
          },
          "Naeringskode": Object {
            "properties": Object {
              "beskrivelse": Object {
                "type": "string",
              },
              "kode": Object {
                "type": "string",
              },
            },
          },
          "Organisasjonsform": Object {
            "properties": Object {
              "_links": Object {
                "$ref": "#/definitions/Self",
              },
              "beskrivelse": Object {
                "type": "string",
              },
              "kode": Object {
                "type": "string",
              },
            },
          },
          "Organisasjonsformer": Object {
            "properties": Object {
              "organisasjonsformer": Object {
                "items": Object {
                  "$ref": "#/definitions/Organisasjonsform",
                },
                "type": "array",
              },
            },
          },
          "Sektorkode": Object {
            "properties": Object {
              "beskrivelse": Object {
                "type": "string",
              },
              "kode": Object {
                "type": "string",
              },
            },
          },
          "Self": Object {
            "properties": Object {
              "self": Object {
                "$ref": "#/definitions/Href",
              },
            },
          },
          "_Organisasjonsformer": Object {
            "properties": Object {
              "embedded": Object {
                "$ref": "#/definitions/Organisasjonsformer",
              },
            },
          },
        }
      }
      name="Enhet"
    />
  </div>
  <div
    className="border-top pt-3 pb-3 d-flex flex-column"
    key="1"
  >
    <withStateHandlers(ModelComponentPure)
      definitions={
        Object {
          "Adresse": Object {
            "properties": Object {
              "adresse": Object {
                "items": Object {
                  "type": "string",
                },
                "type": "array",
              },
              "kommune": Object {
                "type": "string",
              },
              "kommunenummer": Object {
                "type": "string",
              },
              "land": Object {
                "type": "string",
              },
              "landkode": Object {
                "type": "string",
              },
              "postnummer": Object {
                "type": "string",
              },
              "poststed": Object {
                "type": "string",
              },
            },
          },
          "Enhet": Object {
            "properties": Object {
              "_links": Object {
                "$ref": "#/definitions/Self",
              },
              "antallAnsatte": Object {
                "type": "integer",
              },
              "forretningsadresse": Object {
                "$ref": "#/definitions/Adresse",
              },
              "institusjonellSektorkode": Object {
                "$ref": "#/definitions/Sektorkode",
              },
              "konkurs": Object {
                "type": "boolean",
              },
              "maalform": Object {
                "type": "string",
              },
              "naeringskode1": Object {
                "$ref": "#/definitions/Naeringskode",
              },
              "naeringskode2": Object {
                "$ref": "#/definitions/Naeringskode",
              },
              "naeringskode3": Object {
                "$ref": "#/definitions/Naeringskode",
              },
              "navn": Object {
                "type": "string",
              },
              "organisasjonsform": Object {
                "$ref": "#/definitions/Organisasjonsform",
              },
              "organisasjonsnummer": Object {
                "type": "string",
              },
              "postadresse": Object {
                "$ref": "#/definitions/Adresse",
              },
              "registreringsdatoEnhetsregisteret": Object {
                "type": "string",
              },
              "registrertIForetaksregisteret": Object {
                "type": "boolean",
              },
              "registrertIFrivillighetsregisteret": Object {
                "type": "boolean",
              },
              "registrertIMvaregisteret": Object {
                "type": "boolean",
              },
              "registrertIStiftelsesregisteret": Object {
                "type": "boolean",
              },
              "sisteInnsendteAarsregnskap": Object {
                "type": "string",
              },
              "stiftelsedato": Object {
                "type": "string",
              },
              "underAvvikling": Object {
                "type": "boolean",
              },
              "underTvangsavviklingEllerTvangsopplosning": Object {
                "type": "boolean",
              },
            },
          },
          "Href": Object {
            "properties": Object {
              "href": Object {
                "type": "string",
              },
            },
          },
          "Naeringskode": Object {
            "properties": Object {
              "beskrivelse": Object {
                "type": "string",
              },
              "kode": Object {
                "type": "string",
              },
            },
          },
          "Organisasjonsform": Object {
            "properties": Object {
              "_links": Object {
                "$ref": "#/definitions/Self",
              },
              "beskrivelse": Object {
                "type": "string",
              },
              "kode": Object {
                "type": "string",
              },
            },
          },
          "Organisasjonsformer": Object {
            "properties": Object {
              "organisasjonsformer": Object {
                "items": Object {
                  "$ref": "#/definitions/Organisasjonsform",
                },
                "type": "array",
              },
            },
          },
          "Sektorkode": Object {
            "properties": Object {
              "beskrivelse": Object {
                "type": "string",
              },
              "kode": Object {
                "type": "string",
              },
            },
          },
          "Self": Object {
            "properties": Object {
              "self": Object {
                "$ref": "#/definitions/Href",
              },
            },
          },
          "_Organisasjonsformer": Object {
            "properties": Object {
              "embedded": Object {
                "$ref": "#/definitions/Organisasjonsformer",
              },
            },
          },
        }
      }
      name="Adresse"
    />
  </div>
  <div
    className="border-top pt-3 pb-3 d-flex flex-column"
    key="2"
  >
    <withStateHandlers(ModelComponentPure)
      definitions={
        Object {
          "Adresse": Object {
            "properties": Object {
              "adresse": Object {
                "items": Object {
                  "type": "string",
                },
                "type": "array",
              },
              "kommune": Object {
                "type": "string",
              },
              "kommunenummer": Object {
                "type": "string",
              },
              "land": Object {
                "type": "string",
              },
              "landkode": Object {
                "type": "string",
              },
              "postnummer": Object {
                "type": "string",
              },
              "poststed": Object {
                "type": "string",
              },
            },
          },
          "Enhet": Object {
            "properties": Object {
              "_links": Object {
                "$ref": "#/definitions/Self",
              },
              "antallAnsatte": Object {
                "type": "integer",
              },
              "forretningsadresse": Object {
                "$ref": "#/definitions/Adresse",
              },
              "institusjonellSektorkode": Object {
                "$ref": "#/definitions/Sektorkode",
              },
              "konkurs": Object {
                "type": "boolean",
              },
              "maalform": Object {
                "type": "string",
              },
              "naeringskode1": Object {
                "$ref": "#/definitions/Naeringskode",
              },
              "naeringskode2": Object {
                "$ref": "#/definitions/Naeringskode",
              },
              "naeringskode3": Object {
                "$ref": "#/definitions/Naeringskode",
              },
              "navn": Object {
                "type": "string",
              },
              "organisasjonsform": Object {
                "$ref": "#/definitions/Organisasjonsform",
              },
              "organisasjonsnummer": Object {
                "type": "string",
              },
              "postadresse": Object {
                "$ref": "#/definitions/Adresse",
              },
              "registreringsdatoEnhetsregisteret": Object {
                "type": "string",
              },
              "registrertIForetaksregisteret": Object {
                "type": "boolean",
              },
              "registrertIFrivillighetsregisteret": Object {
                "type": "boolean",
              },
              "registrertIMvaregisteret": Object {
                "type": "boolean",
              },
              "registrertIStiftelsesregisteret": Object {
                "type": "boolean",
              },
              "sisteInnsendteAarsregnskap": Object {
                "type": "string",
              },
              "stiftelsedato": Object {
                "type": "string",
              },
              "underAvvikling": Object {
                "type": "boolean",
              },
              "underTvangsavviklingEllerTvangsopplosning": Object {
                "type": "boolean",
              },
            },
          },
          "Href": Object {
            "properties": Object {
              "href": Object {
                "type": "string",
              },
            },
          },
          "Naeringskode": Object {
            "properties": Object {
              "beskrivelse": Object {
                "type": "string",
              },
              "kode": Object {
                "type": "string",
              },
            },
          },
          "Organisasjonsform": Object {
            "properties": Object {
              "_links": Object {
                "$ref": "#/definitions/Self",
              },
              "beskrivelse": Object {
                "type": "string",
              },
              "kode": Object {
                "type": "string",
              },
            },
          },
          "Organisasjonsformer": Object {
            "properties": Object {
              "organisasjonsformer": Object {
                "items": Object {
                  "$ref": "#/definitions/Organisasjonsform",
                },
                "type": "array",
              },
            },
          },
          "Sektorkode": Object {
            "properties": Object {
              "beskrivelse": Object {
                "type": "string",
              },
              "kode": Object {
                "type": "string",
              },
            },
          },
          "Self": Object {
            "properties": Object {
              "self": Object {
                "$ref": "#/definitions/Href",
              },
            },
          },
          "_Organisasjonsformer": Object {
            "properties": Object {
              "embedded": Object {
                "$ref": "#/definitions/Organisasjonsformer",
              },
            },
          },
        }
      }
      name="Naeringskode"
    />
  </div>
  <div
    className="border-top pt-3 pb-3 d-flex flex-column"
    key="3"
  >
    <withStateHandlers(ModelComponentPure)
      definitions={
        Object {
          "Adresse": Object {
            "properties": Object {
              "adresse": Object {
                "items": Object {
                  "type": "string",
                },
                "type": "array",
              },
              "kommune": Object {
                "type": "string",
              },
              "kommunenummer": Object {
                "type": "string",
              },
              "land": Object {
                "type": "string",
              },
              "landkode": Object {
                "type": "string",
              },
              "postnummer": Object {
                "type": "string",
              },
              "poststed": Object {
                "type": "string",
              },
            },
          },
          "Enhet": Object {
            "properties": Object {
              "_links": Object {
                "$ref": "#/definitions/Self",
              },
              "antallAnsatte": Object {
                "type": "integer",
              },
              "forretningsadresse": Object {
                "$ref": "#/definitions/Adresse",
              },
              "institusjonellSektorkode": Object {
                "$ref": "#/definitions/Sektorkode",
              },
              "konkurs": Object {
                "type": "boolean",
              },
              "maalform": Object {
                "type": "string",
              },
              "naeringskode1": Object {
                "$ref": "#/definitions/Naeringskode",
              },
              "naeringskode2": Object {
                "$ref": "#/definitions/Naeringskode",
              },
              "naeringskode3": Object {
                "$ref": "#/definitions/Naeringskode",
              },
              "navn": Object {
                "type": "string",
              },
              "organisasjonsform": Object {
                "$ref": "#/definitions/Organisasjonsform",
              },
              "organisasjonsnummer": Object {
                "type": "string",
              },
              "postadresse": Object {
                "$ref": "#/definitions/Adresse",
              },
              "registreringsdatoEnhetsregisteret": Object {
                "type": "string",
              },
              "registrertIForetaksregisteret": Object {
                "type": "boolean",
              },
              "registrertIFrivillighetsregisteret": Object {
                "type": "boolean",
              },
              "registrertIMvaregisteret": Object {
                "type": "boolean",
              },
              "registrertIStiftelsesregisteret": Object {
                "type": "boolean",
              },
              "sisteInnsendteAarsregnskap": Object {
                "type": "string",
              },
              "stiftelsedato": Object {
                "type": "string",
              },
              "underAvvikling": Object {
                "type": "boolean",
              },
              "underTvangsavviklingEllerTvangsopplosning": Object {
                "type": "boolean",
              },
            },
          },
          "Href": Object {
            "properties": Object {
              "href": Object {
                "type": "string",
              },
            },
          },
          "Naeringskode": Object {
            "properties": Object {
              "beskrivelse": Object {
                "type": "string",
              },
              "kode": Object {
                "type": "string",
              },
            },
          },
          "Organisasjonsform": Object {
            "properties": Object {
              "_links": Object {
                "$ref": "#/definitions/Self",
              },
              "beskrivelse": Object {
                "type": "string",
              },
              "kode": Object {
                "type": "string",
              },
            },
          },
          "Organisasjonsformer": Object {
            "properties": Object {
              "organisasjonsformer": Object {
                "items": Object {
                  "$ref": "#/definitions/Organisasjonsform",
                },
                "type": "array",
              },
            },
          },
          "Sektorkode": Object {
            "properties": Object {
              "beskrivelse": Object {
                "type": "string",
              },
              "kode": Object {
                "type": "string",
              },
            },
          },
          "Self": Object {
            "properties": Object {
              "self": Object {
                "$ref": "#/definitions/Href",
              },
            },
          },
          "_Organisasjonsformer": Object {
            "properties": Object {
              "embedded": Object {
                "$ref": "#/definitions/Organisasjonsformer",
              },
            },
          },
        }
      }
      name="Sektorkode"
    />
  </div>
  <div
    className="border-top pt-3 pb-3 d-flex flex-column"
    key="4"
  >
    <withStateHandlers(ModelComponentPure)
      definitions={
        Object {
          "Adresse": Object {
            "properties": Object {
              "adresse": Object {
                "items": Object {
                  "type": "string",
                },
                "type": "array",
              },
              "kommune": Object {
                "type": "string",
              },
              "kommunenummer": Object {
                "type": "string",
              },
              "land": Object {
                "type": "string",
              },
              "landkode": Object {
                "type": "string",
              },
              "postnummer": Object {
                "type": "string",
              },
              "poststed": Object {
                "type": "string",
              },
            },
          },
          "Enhet": Object {
            "properties": Object {
              "_links": Object {
                "$ref": "#/definitions/Self",
              },
              "antallAnsatte": Object {
                "type": "integer",
              },
              "forretningsadresse": Object {
                "$ref": "#/definitions/Adresse",
              },
              "institusjonellSektorkode": Object {
                "$ref": "#/definitions/Sektorkode",
              },
              "konkurs": Object {
                "type": "boolean",
              },
              "maalform": Object {
                "type": "string",
              },
              "naeringskode1": Object {
                "$ref": "#/definitions/Naeringskode",
              },
              "naeringskode2": Object {
                "$ref": "#/definitions/Naeringskode",
              },
              "naeringskode3": Object {
                "$ref": "#/definitions/Naeringskode",
              },
              "navn": Object {
                "type": "string",
              },
              "organisasjonsform": Object {
                "$ref": "#/definitions/Organisasjonsform",
              },
              "organisasjonsnummer": Object {
                "type": "string",
              },
              "postadresse": Object {
                "$ref": "#/definitions/Adresse",
              },
              "registreringsdatoEnhetsregisteret": Object {
                "type": "string",
              },
              "registrertIForetaksregisteret": Object {
                "type": "boolean",
              },
              "registrertIFrivillighetsregisteret": Object {
                "type": "boolean",
              },
              "registrertIMvaregisteret": Object {
                "type": "boolean",
              },
              "registrertIStiftelsesregisteret": Object {
                "type": "boolean",
              },
              "sisteInnsendteAarsregnskap": Object {
                "type": "string",
              },
              "stiftelsedato": Object {
                "type": "string",
              },
              "underAvvikling": Object {
                "type": "boolean",
              },
              "underTvangsavviklingEllerTvangsopplosning": Object {
                "type": "boolean",
              },
            },
          },
          "Href": Object {
            "properties": Object {
              "href": Object {
                "type": "string",
              },
            },
          },
          "Naeringskode": Object {
            "properties": Object {
              "beskrivelse": Object {
                "type": "string",
              },
              "kode": Object {
                "type": "string",
              },
            },
          },
          "Organisasjonsform": Object {
            "properties": Object {
              "_links": Object {
                "$ref": "#/definitions/Self",
              },
              "beskrivelse": Object {
                "type": "string",
              },
              "kode": Object {
                "type": "string",
              },
            },
          },
          "Organisasjonsformer": Object {
            "properties": Object {
              "organisasjonsformer": Object {
                "items": Object {
                  "$ref": "#/definitions/Organisasjonsform",
                },
                "type": "array",
              },
            },
          },
          "Sektorkode": Object {
            "properties": Object {
              "beskrivelse": Object {
                "type": "string",
              },
              "kode": Object {
                "type": "string",
              },
            },
          },
          "Self": Object {
            "properties": Object {
              "self": Object {
                "$ref": "#/definitions/Href",
              },
            },
          },
          "_Organisasjonsformer": Object {
            "properties": Object {
              "embedded": Object {
                "$ref": "#/definitions/Organisasjonsformer",
              },
            },
          },
        }
      }
      name="_Organisasjonsformer"
    />
  </div>
  <div
    className="border-top pt-3 pb-3 d-flex flex-column"
    key="5"
  >
    <withStateHandlers(ModelComponentPure)
      definitions={
        Object {
          "Adresse": Object {
            "properties": Object {
              "adresse": Object {
                "items": Object {
                  "type": "string",
                },
                "type": "array",
              },
              "kommune": Object {
                "type": "string",
              },
              "kommunenummer": Object {
                "type": "string",
              },
              "land": Object {
                "type": "string",
              },
              "landkode": Object {
                "type": "string",
              },
              "postnummer": Object {
                "type": "string",
              },
              "poststed": Object {
                "type": "string",
              },
            },
          },
          "Enhet": Object {
            "properties": Object {
              "_links": Object {
                "$ref": "#/definitions/Self",
              },
              "antallAnsatte": Object {
                "type": "integer",
              },
              "forretningsadresse": Object {
                "$ref": "#/definitions/Adresse",
              },
              "institusjonellSektorkode": Object {
                "$ref": "#/definitions/Sektorkode",
              },
              "konkurs": Object {
                "type": "boolean",
              },
              "maalform": Object {
                "type": "string",
              },
              "naeringskode1": Object {
                "$ref": "#/definitions/Naeringskode",
              },
              "naeringskode2": Object {
                "$ref": "#/definitions/Naeringskode",
              },
              "naeringskode3": Object {
                "$ref": "#/definitions/Naeringskode",
              },
              "navn": Object {
                "type": "string",
              },
              "organisasjonsform": Object {
                "$ref": "#/definitions/Organisasjonsform",
              },
              "organisasjonsnummer": Object {
                "type": "string",
              },
              "postadresse": Object {
                "$ref": "#/definitions/Adresse",
              },
              "registreringsdatoEnhetsregisteret": Object {
                "type": "string",
              },
              "registrertIForetaksregisteret": Object {
                "type": "boolean",
              },
              "registrertIFrivillighetsregisteret": Object {
                "type": "boolean",
              },
              "registrertIMvaregisteret": Object {
                "type": "boolean",
              },
              "registrertIStiftelsesregisteret": Object {
                "type": "boolean",
              },
              "sisteInnsendteAarsregnskap": Object {
                "type": "string",
              },
              "stiftelsedato": Object {
                "type": "string",
              },
              "underAvvikling": Object {
                "type": "boolean",
              },
              "underTvangsavviklingEllerTvangsopplosning": Object {
                "type": "boolean",
              },
            },
          },
          "Href": Object {
            "properties": Object {
              "href": Object {
                "type": "string",
              },
            },
          },
          "Naeringskode": Object {
            "properties": Object {
              "beskrivelse": Object {
                "type": "string",
              },
              "kode": Object {
                "type": "string",
              },
            },
          },
          "Organisasjonsform": Object {
            "properties": Object {
              "_links": Object {
                "$ref": "#/definitions/Self",
              },
              "beskrivelse": Object {
                "type": "string",
              },
              "kode": Object {
                "type": "string",
              },
            },
          },
          "Organisasjonsformer": Object {
            "properties": Object {
              "organisasjonsformer": Object {
                "items": Object {
                  "$ref": "#/definitions/Organisasjonsform",
                },
                "type": "array",
              },
            },
          },
          "Sektorkode": Object {
            "properties": Object {
              "beskrivelse": Object {
                "type": "string",
              },
              "kode": Object {
                "type": "string",
              },
            },
          },
          "Self": Object {
            "properties": Object {
              "self": Object {
                "$ref": "#/definitions/Href",
              },
            },
          },
          "_Organisasjonsformer": Object {
            "properties": Object {
              "embedded": Object {
                "$ref": "#/definitions/Organisasjonsformer",
              },
            },
          },
        }
      }
      name="Organisasjonsformer"
    />
  </div>
  <div
    className="border-top pt-3 pb-3 d-flex flex-column"
    key="6"
  >
    <withStateHandlers(ModelComponentPure)
      definitions={
        Object {
          "Adresse": Object {
            "properties": Object {
              "adresse": Object {
                "items": Object {
                  "type": "string",
                },
                "type": "array",
              },
              "kommune": Object {
                "type": "string",
              },
              "kommunenummer": Object {
                "type": "string",
              },
              "land": Object {
                "type": "string",
              },
              "landkode": Object {
                "type": "string",
              },
              "postnummer": Object {
                "type": "string",
              },
              "poststed": Object {
                "type": "string",
              },
            },
          },
          "Enhet": Object {
            "properties": Object {
              "_links": Object {
                "$ref": "#/definitions/Self",
              },
              "antallAnsatte": Object {
                "type": "integer",
              },
              "forretningsadresse": Object {
                "$ref": "#/definitions/Adresse",
              },
              "institusjonellSektorkode": Object {
                "$ref": "#/definitions/Sektorkode",
              },
              "konkurs": Object {
                "type": "boolean",
              },
              "maalform": Object {
                "type": "string",
              },
              "naeringskode1": Object {
                "$ref": "#/definitions/Naeringskode",
              },
              "naeringskode2": Object {
                "$ref": "#/definitions/Naeringskode",
              },
              "naeringskode3": Object {
                "$ref": "#/definitions/Naeringskode",
              },
              "navn": Object {
                "type": "string",
              },
              "organisasjonsform": Object {
                "$ref": "#/definitions/Organisasjonsform",
              },
              "organisasjonsnummer": Object {
                "type": "string",
              },
              "postadresse": Object {
                "$ref": "#/definitions/Adresse",
              },
              "registreringsdatoEnhetsregisteret": Object {
                "type": "string",
              },
              "registrertIForetaksregisteret": Object {
                "type": "boolean",
              },
              "registrertIFrivillighetsregisteret": Object {
                "type": "boolean",
              },
              "registrertIMvaregisteret": Object {
                "type": "boolean",
              },
              "registrertIStiftelsesregisteret": Object {
                "type": "boolean",
              },
              "sisteInnsendteAarsregnskap": Object {
                "type": "string",
              },
              "stiftelsedato": Object {
                "type": "string",
              },
              "underAvvikling": Object {
                "type": "boolean",
              },
              "underTvangsavviklingEllerTvangsopplosning": Object {
                "type": "boolean",
              },
            },
          },
          "Href": Object {
            "properties": Object {
              "href": Object {
                "type": "string",
              },
            },
          },
          "Naeringskode": Object {
            "properties": Object {
              "beskrivelse": Object {
                "type": "string",
              },
              "kode": Object {
                "type": "string",
              },
            },
          },
          "Organisasjonsform": Object {
            "properties": Object {
              "_links": Object {
                "$ref": "#/definitions/Self",
              },
              "beskrivelse": Object {
                "type": "string",
              },
              "kode": Object {
                "type": "string",
              },
            },
          },
          "Organisasjonsformer": Object {
            "properties": Object {
              "organisasjonsformer": Object {
                "items": Object {
                  "$ref": "#/definitions/Organisasjonsform",
                },
                "type": "array",
              },
            },
          },
          "Sektorkode": Object {
            "properties": Object {
              "beskrivelse": Object {
                "type": "string",
              },
              "kode": Object {
                "type": "string",
              },
            },
          },
          "Self": Object {
            "properties": Object {
              "self": Object {
                "$ref": "#/definitions/Href",
              },
            },
          },
          "_Organisasjonsformer": Object {
            "properties": Object {
              "embedded": Object {
                "$ref": "#/definitions/Organisasjonsformer",
              },
            },
          },
        }
      }
      name="Organisasjonsform"
    />
  </div>
  <div
    className="border-top pt-3 pb-3 d-flex flex-column"
    key="7"
  >
    <withStateHandlers(ModelComponentPure)
      definitions={
        Object {
          "Adresse": Object {
            "properties": Object {
              "adresse": Object {
                "items": Object {
                  "type": "string",
                },
                "type": "array",
              },
              "kommune": Object {
                "type": "string",
              },
              "kommunenummer": Object {
                "type": "string",
              },
              "land": Object {
                "type": "string",
              },
              "landkode": Object {
                "type": "string",
              },
              "postnummer": Object {
                "type": "string",
              },
              "poststed": Object {
                "type": "string",
              },
            },
          },
          "Enhet": Object {
            "properties": Object {
              "_links": Object {
                "$ref": "#/definitions/Self",
              },
              "antallAnsatte": Object {
                "type": "integer",
              },
              "forretningsadresse": Object {
                "$ref": "#/definitions/Adresse",
              },
              "institusjonellSektorkode": Object {
                "$ref": "#/definitions/Sektorkode",
              },
              "konkurs": Object {
                "type": "boolean",
              },
              "maalform": Object {
                "type": "string",
              },
              "naeringskode1": Object {
                "$ref": "#/definitions/Naeringskode",
              },
              "naeringskode2": Object {
                "$ref": "#/definitions/Naeringskode",
              },
              "naeringskode3": Object {
                "$ref": "#/definitions/Naeringskode",
              },
              "navn": Object {
                "type": "string",
              },
              "organisasjonsform": Object {
                "$ref": "#/definitions/Organisasjonsform",
              },
              "organisasjonsnummer": Object {
                "type": "string",
              },
              "postadresse": Object {
                "$ref": "#/definitions/Adresse",
              },
              "registreringsdatoEnhetsregisteret": Object {
                "type": "string",
              },
              "registrertIForetaksregisteret": Object {
                "type": "boolean",
              },
              "registrertIFrivillighetsregisteret": Object {
                "type": "boolean",
              },
              "registrertIMvaregisteret": Object {
                "type": "boolean",
              },
              "registrertIStiftelsesregisteret": Object {
                "type": "boolean",
              },
              "sisteInnsendteAarsregnskap": Object {
                "type": "string",
              },
              "stiftelsedato": Object {
                "type": "string",
              },
              "underAvvikling": Object {
                "type": "boolean",
              },
              "underTvangsavviklingEllerTvangsopplosning": Object {
                "type": "boolean",
              },
            },
          },
          "Href": Object {
            "properties": Object {
              "href": Object {
                "type": "string",
              },
            },
          },
          "Naeringskode": Object {
            "properties": Object {
              "beskrivelse": Object {
                "type": "string",
              },
              "kode": Object {
                "type": "string",
              },
            },
          },
          "Organisasjonsform": Object {
            "properties": Object {
              "_links": Object {
                "$ref": "#/definitions/Self",
              },
              "beskrivelse": Object {
                "type": "string",
              },
              "kode": Object {
                "type": "string",
              },
            },
          },
          "Organisasjonsformer": Object {
            "properties": Object {
              "organisasjonsformer": Object {
                "items": Object {
                  "$ref": "#/definitions/Organisasjonsform",
                },
                "type": "array",
              },
            },
          },
          "Sektorkode": Object {
            "properties": Object {
              "beskrivelse": Object {
                "type": "string",
              },
              "kode": Object {
                "type": "string",
              },
            },
          },
          "Self": Object {
            "properties": Object {
              "self": Object {
                "$ref": "#/definitions/Href",
              },
            },
          },
          "_Organisasjonsformer": Object {
            "properties": Object {
              "embedded": Object {
                "$ref": "#/definitions/Organisasjonsformer",
              },
            },
          },
        }
      }
      name="Self"
    />
  </div>
  <div
    className="border-top pt-3 pb-3 d-flex flex-column"
    key="8"
  >
    <withStateHandlers(ModelComponentPure)
      definitions={
        Object {
          "Adresse": Object {
            "properties": Object {
              "adresse": Object {
                "items": Object {
                  "type": "string",
                },
                "type": "array",
              },
              "kommune": Object {
                "type": "string",
              },
              "kommunenummer": Object {
                "type": "string",
              },
              "land": Object {
                "type": "string",
              },
              "landkode": Object {
                "type": "string",
              },
              "postnummer": Object {
                "type": "string",
              },
              "poststed": Object {
                "type": "string",
              },
            },
          },
          "Enhet": Object {
            "properties": Object {
              "_links": Object {
                "$ref": "#/definitions/Self",
              },
              "antallAnsatte": Object {
                "type": "integer",
              },
              "forretningsadresse": Object {
                "$ref": "#/definitions/Adresse",
              },
              "institusjonellSektorkode": Object {
                "$ref": "#/definitions/Sektorkode",
              },
              "konkurs": Object {
                "type": "boolean",
              },
              "maalform": Object {
                "type": "string",
              },
              "naeringskode1": Object {
                "$ref": "#/definitions/Naeringskode",
              },
              "naeringskode2": Object {
                "$ref": "#/definitions/Naeringskode",
              },
              "naeringskode3": Object {
                "$ref": "#/definitions/Naeringskode",
              },
              "navn": Object {
                "type": "string",
              },
              "organisasjonsform": Object {
                "$ref": "#/definitions/Organisasjonsform",
              },
              "organisasjonsnummer": Object {
                "type": "string",
              },
              "postadresse": Object {
                "$ref": "#/definitions/Adresse",
              },
              "registreringsdatoEnhetsregisteret": Object {
                "type": "string",
              },
              "registrertIForetaksregisteret": Object {
                "type": "boolean",
              },
              "registrertIFrivillighetsregisteret": Object {
                "type": "boolean",
              },
              "registrertIMvaregisteret": Object {
                "type": "boolean",
              },
              "registrertIStiftelsesregisteret": Object {
                "type": "boolean",
              },
              "sisteInnsendteAarsregnskap": Object {
                "type": "string",
              },
              "stiftelsedato": Object {
                "type": "string",
              },
              "underAvvikling": Object {
                "type": "boolean",
              },
              "underTvangsavviklingEllerTvangsopplosning": Object {
                "type": "boolean",
              },
            },
          },
          "Href": Object {
            "properties": Object {
              "href": Object {
                "type": "string",
              },
            },
          },
          "Naeringskode": Object {
            "properties": Object {
              "beskrivelse": Object {
                "type": "string",
              },
              "kode": Object {
                "type": "string",
              },
            },
          },
          "Organisasjonsform": Object {
            "properties": Object {
              "_links": Object {
                "$ref": "#/definitions/Self",
              },
              "beskrivelse": Object {
                "type": "string",
              },
              "kode": Object {
                "type": "string",
              },
            },
          },
          "Organisasjonsformer": Object {
            "properties": Object {
              "organisasjonsformer": Object {
                "items": Object {
                  "$ref": "#/definitions/Organisasjonsform",
                },
                "type": "array",
              },
            },
          },
          "Sektorkode": Object {
            "properties": Object {
              "beskrivelse": Object {
                "type": "string",
              },
              "kode": Object {
                "type": "string",
              },
            },
          },
          "Self": Object {
            "properties": Object {
              "self": Object {
                "$ref": "#/definitions/Href",
              },
            },
          },
          "_Organisasjonsformer": Object {
            "properties": Object {
              "embedded": Object {
                "$ref": "#/definitions/Organisasjonsformer",
              },
            },
          },
        }
      }
      name="Href"
    />
  </div>
</Fragment>
`;
